Archive member included to satisfy reference by file (symbol)

/usr/local/arm-gnu-toolchain-12.3.rel1-x86_64-arm-none-eabi/bin/../lib/gcc/arm-none-eabi/12.3.1/../../../../arm-none-eabi/lib/thumb/v7-m/nofp/libstdc++.a(class_type_info.o)
                              CMakeFiles/Ctrl-Step-STM32-fw.elf.dir/Ctrl/Driver/tb67h450_base.cpp.obj (vtable for __cxxabiv1::__class_type_info)
/usr/local/arm-gnu-toolchain-12.3.rel1-x86_64-arm-none-eabi/bin/../lib/gcc/arm-none-eabi/12.3.1/../../../../arm-none-eabi/lib/thumb/v7-m/nofp/libstdc++.a(del_ops.o)
                              /usr/local/arm-gnu-toolchain-12.3.rel1-x86_64-arm-none-eabi/bin/../lib/gcc/arm-none-eabi/12.3.1/../../../../arm-none-eabi/lib/thumb/v7-m/nofp/libstdc++.a(class_type_info.o) (operator delete(void*, unsigned int))
/usr/local/arm-gnu-toolchain-12.3.rel1-x86_64-arm-none-eabi/bin/../lib/gcc/arm-none-eabi/12.3.1/../../../../arm-none-eabi/lib/thumb/v7-m/nofp/libstdc++.a(si_class_type_info.o)
                              CMakeFiles/Ctrl-Step-STM32-fw.elf.dir/Ctrl/Driver/tb67h450_base.cpp.obj (vtable for __cxxabiv1::__si_class_type_info)
/usr/local/arm-gnu-toolchain-12.3.rel1-x86_64-arm-none-eabi/bin/../lib/gcc/arm-none-eabi/12.3.1/../../../../arm-none-eabi/lib/thumb/v7-m/nofp/libstdc++.a(tinfo.o)
                              /usr/local/arm-gnu-toolchain-12.3.rel1-x86_64-arm-none-eabi/bin/../lib/gcc/arm-none-eabi/12.3.1/../../../../arm-none-eabi/lib/thumb/v7-m/nofp/libstdc++.a(class_type_info.o) (std::type_info::~type_info())
/usr/local/arm-gnu-toolchain-12.3.rel1-x86_64-arm-none-eabi/bin/../lib/gcc/arm-none-eabi/12.3.1/../../../../arm-none-eabi/lib/thumb/v7-m/nofp/libstdc++.a(del_op.o)
                              /usr/local/arm-gnu-toolchain-12.3.rel1-x86_64-arm-none-eabi/bin/../lib/gcc/arm-none-eabi/12.3.1/../../../../arm-none-eabi/lib/thumb/v7-m/nofp/libstdc++.a(del_ops.o) (operator delete(void*))
/usr/local/arm-gnu-toolchain-12.3.rel1-x86_64-arm-none-eabi/bin/../lib/gcc/arm-none-eabi/12.3.1/../../../../arm-none-eabi/lib/thumb/v7-m/nofp/libm.a(libm_a-wf_sqrt.o)
                              CMakeFiles/Ctrl-Step-STM32-fw.elf.dir/Ctrl/Motor/motor.cpp.obj (sqrtf)
/usr/local/arm-gnu-toolchain-12.3.rel1-x86_64-arm-none-eabi/bin/../lib/gcc/arm-none-eabi/12.3.1/../../../../arm-none-eabi/lib/thumb/v7-m/nofp/libm.a(libm_a-ef_sqrt.o)
                              /usr/local/arm-gnu-toolchain-12.3.rel1-x86_64-arm-none-eabi/bin/../lib/gcc/arm-none-eabi/12.3.1/../../../../arm-none-eabi/lib/thumb/v7-m/nofp/libm.a(libm_a-wf_sqrt.o) (__ieee754_sqrtf)
/usr/local/arm-gnu-toolchain-12.3.rel1-x86_64-arm-none-eabi/bin/../lib/gcc/arm-none-eabi/12.3.1/../../../../arm-none-eabi/lib/thumb/v7-m/nofp/libm.a(libm_a-w_log.o)
                              CMakeFiles/Ctrl-Step-STM32-fw.elf.dir/Core/Src/adc.c.obj (log)
/usr/local/arm-gnu-toolchain-12.3.rel1-x86_64-arm-none-eabi/bin/../lib/gcc/arm-none-eabi/12.3.1/../../../../arm-none-eabi/lib/thumb/v7-m/nofp/libm.a(libm_a-s_nan.o)
                              /usr/local/arm-gnu-toolchain-12.3.rel1-x86_64-arm-none-eabi/bin/../lib/gcc/arm-none-eabi/12.3.1/../../../../arm-none-eabi/lib/thumb/v7-m/nofp/libm.a(libm_a-w_log.o) (nan)
/usr/local/arm-gnu-toolchain-12.3.rel1-x86_64-arm-none-eabi/bin/../lib/gcc/arm-none-eabi/12.3.1/../../../../arm-none-eabi/lib/thumb/v7-m/nofp/libm.a(libm_a-e_log.o)
                              /usr/local/arm-gnu-toolchain-12.3.rel1-x86_64-arm-none-eabi/bin/../lib/gcc/arm-none-eabi/12.3.1/../../../../arm-none-eabi/lib/thumb/v7-m/nofp/libm.a(libm_a-w_log.o) (__ieee754_log)
/usr/local/arm-gnu-toolchain-12.3.rel1-x86_64-arm-none-eabi/bin/../lib/gcc/arm-none-eabi/12.3.1/thumb/v7-m/nofp/libgcc.a(_arm_muldf3.o)
                              CMakeFiles/Ctrl-Step-STM32-fw.elf.dir/Core/Src/adc.c.obj (__aeabi_dmul)
/usr/local/arm-gnu-toolchain-12.3.rel1-x86_64-arm-none-eabi/bin/../lib/gcc/arm-none-eabi/12.3.1/thumb/v7-m/nofp/libgcc.a(_arm_mulsf3.o)
                              CMakeFiles/Ctrl-Step-STM32-fw.elf.dir/Core/Src/adc.c.obj (__aeabi_fmul)
/usr/local/arm-gnu-toolchain-12.3.rel1-x86_64-arm-none-eabi/bin/../lib/gcc/arm-none-eabi/12.3.1/thumb/v7-m/nofp/libgcc.a(_arm_addsubdf3.o)
                              CMakeFiles/Ctrl-Step-STM32-fw.elf.dir/Core/Src/adc.c.obj (__aeabi_dsub)
/usr/local/arm-gnu-toolchain-12.3.rel1-x86_64-arm-none-eabi/bin/../lib/gcc/arm-none-eabi/12.3.1/thumb/v7-m/nofp/libgcc.a(_arm_muldivdf3.o)
                              CMakeFiles/Ctrl-Step-STM32-fw.elf.dir/Core/Src/adc.c.obj (__aeabi_ddiv)
/usr/local/arm-gnu-toolchain-12.3.rel1-x86_64-arm-none-eabi/bin/../lib/gcc/arm-none-eabi/12.3.1/thumb/v7-m/nofp/libgcc.a(_arm_cmpdf2.o)
                              /usr/local/arm-gnu-toolchain-12.3.rel1-x86_64-arm-none-eabi/bin/../lib/gcc/arm-none-eabi/12.3.1/../../../../arm-none-eabi/lib/thumb/v7-m/nofp/libm.a(libm_a-w_log.o) (__aeabi_dcmpeq)
/usr/local/arm-gnu-toolchain-12.3.rel1-x86_64-arm-none-eabi/bin/../lib/gcc/arm-none-eabi/12.3.1/thumb/v7-m/nofp/libgcc.a(_arm_unorddf2.o)
[...]
Memory Configuration

Name             Origin             Length             Attributes
RAM              0x20000000         0x00005000         xrw
FLASH            0x08000000         0x00020000         xr
*default*        0x00000000         0xffffffff

Linker script and memory map

LOAD /usr/local/arm-gnu-toolchain-12.3.rel1-x86_64-arm-none-eabi/bin/../lib/gcc/arm-none-eabi/12.3.1/thumb/v7-m/nofp/crti.o
LOAD /usr/local/arm-gnu-toolchain-12.3.rel1-x86_64-arm-none-eabi/bin/../lib/gcc/arm-none-eabi/12.3.1/thumb/v7-m/nofp/crtbegin.o
LOAD /usr/local/arm-gnu-toolchain-12.3.rel1-x86_64-arm-none-eabi/bin/../lib/gcc/arm-none-eabi/12.3.1/../../../../arm-none-eabi/lib/thumb/v7-m/nofp/crt0.o
LOAD CMakeFiles/Ctrl-Step-STM32-fw.elf.dir/Core/Src/adc.c.obj
LOAD CMakeFiles/Ctrl-Step-STM32-fw.elf.dir/Core/Src/can.c.obj
LOAD CMakeFiles/Ctrl-Step-STM32-fw.elf.dir/Core/Src/dma.c.obj
LOAD CMakeFiles/Ctrl-Step-STM32-fw.elf.dir/Core/Src/gpio.c.obj
LOAD CMakeFiles/Ctrl-Step-STM32-fw.elf.dir/Core/Src/main.c.obj
LOAD CMakeFiles/Ctrl-Step-STM32-fw.elf.dir/Core/Src/spi.c.obj
LOAD CMakeFiles/Ctrl-Step-STM32-fw.elf.dir/Core/Src/stm32f1xx_hal_msp.c.obj
LOAD CMakeFiles/Ctrl-Step-STM32-fw.elf.dir/Core/Src/stm32f1xx_it.c.obj
LOAD CMakeFiles/Ctrl-Step-STM32-fw.elf.dir/Core/Src/syscalls.c.obj
LOAD CMakeFiles/Ctrl-Step-STM32-fw.elf.dir/Core/Src/system_stm32f1xx.c.obj
LOAD CMakeFiles/Ctrl-Step-STM32-fw.elf.dir/Core/Src/tim.c.obj
LOAD CMakeFiles/Ctrl-Step-STM32-fw.elf.dir/Core/Src/usart.c.obj
LOAD CMakeFiles/Ctrl-Step-STM32-fw.elf.dir/Ctrl/Driver/tb67h450_base.cpp.obj
LOAD CMakeFiles/Ctrl-Step-STM32-fw.elf.dir/Ctrl/Motor/motion_planner.cpp.obj
LOAD CMakeFiles/Ctrl-Step-STM32-fw.elf.dir/Ctrl/Motor/motor.cpp.obj
LOAD CMakeFiles/Ctrl-Step-STM32-fw.elf.dir/Ctrl/Sensor/Encoder/encoder_calibrator_base.cpp.obj
LOAD CMakeFiles/Ctrl-Step-STM32-fw.elf.dir/Ctrl/Sensor/Encoder/mt6816_base.cpp.obj
LOAD CMakeFiles/Ctrl-Step-STM32-fw.elf.dir/Ctrl/Signal/button_base.cpp.obj
LOAD CMakeFiles/Ctrl-Step-STM32-fw.elf.dir/Ctrl/Signal/led_base.cpp.obj
LOAD CMakeFiles/Ctrl-Step-STM32-fw.elf.dir/Drivers/STM32F1xx_HAL_Driver/Src/stm32f1xx_hal.c.obj
LOAD CMakeFiles/Ctrl-Step-STM32-fw.elf.dir/Drivers/STM32F1xx_HAL_Driver/Src/stm32f1xx_hal_adc.c.obj
LOAD CMakeFiles/Ctrl-Step-STM32-fw.elf.dir/Drivers/STM32F1xx_HAL_Driver/Src/stm32f1xx_hal_adc_ex.c.obj
LOAD CMakeFiles/Ctrl-Step-STM32-fw.elf.dir/Drivers/STM32F1xx_HAL_Driver/Src/stm32f1xx_hal_can.c.obj
LOAD CMakeFiles/Ctrl-Step-STM32-fw.elf.dir/Drivers/STM32F1xx_HAL_Driver/Src/stm32f1xx_hal_cortex.c.obj
LOAD CMakeFiles/Ctrl-Step-STM32-fw.elf.dir/Drivers/STM32F1xx_HAL_Driver/Src/stm32f1xx_hal_dma.c.obj
LOAD CMakeFiles/Ctrl-Step-STM32-fw.elf.dir/Drivers/STM32F1xx_HAL_Driver/Src/stm32f1xx_hal_exti.c.obj
LOAD CMakeFiles/Ctrl-Step-STM32-fw.elf.dir/Drivers/STM32F1xx_HAL_Driver/Src/stm32f1xx_hal_flash.c.obj
LOAD CMakeFiles/Ctrl-Step-STM32-fw.elf.dir/Drivers/STM32F1xx_HAL_Driver/Src/stm32f1xx_hal_flash_ex.c.obj
LOAD CMakeFiles/Ctrl-Step-STM32-fw.elf.dir/Drivers/STM32F1xx_HAL_Driver/Src/stm32f1xx_hal_gpio.c.obj
LOAD CMakeFiles/Ctrl-Step-STM32-fw.elf.dir/Drivers/STM32F1xx_HAL_Driver/Src/stm32f1xx_hal_gpio_ex.c.obj
LOAD CMakeFiles/Ctrl-Step-STM32-fw.elf.dir/Drivers/STM32F1xx_HAL_Driver/Src/stm32f1xx_hal_pwr.c.obj
LOAD CMakeFiles/Ctrl-Step-STM32-fw.elf.dir/Drivers/STM32F1xx_HAL_Driver/Src/stm32f1xx_hal_rcc.c.obj
LOAD CMakeFiles/Ctrl-Step-STM32-fw.elf.dir/Drivers/STM32F1xx_HAL_Driver/Src/stm32f1xx_hal_rcc_ex.c.obj
LOAD CMakeFiles/Ctrl-Step-STM32-fw.elf.dir/Drivers/STM32F1xx_HAL_Driver/Src/stm32f1xx_hal_spi.c.obj
LOAD CMakeFiles/Ctrl-Step-STM32-fw.elf.dir/Drivers/STM32F1xx_HAL_Driver/Src/stm32f1xx_hal_tim.c.obj
LOAD CMakeFiles/Ctrl-Step-STM32-fw.elf.dir/Drivers/STM32F1xx_HAL_Driver/Src/stm32f1xx_hal_tim_ex.c.obj
LOAD CMakeFiles/Ctrl-Step-STM32-fw.elf.dir/Drivers/STM32F1xx_HAL_Driver/Src/stm32f1xx_hal_uart.c.obj
LOAD CMakeFiles/Ctrl-Step-STM32-fw.elf.dir/Port/Platform/Memory/emulated_eeprom.cpp.obj
LOAD CMakeFiles/Ctrl-Step-STM32-fw.elf.dir/Port/Platform/Memory/stockpile_f103cb.c.obj
LOAD CMakeFiles/Ctrl-Step-STM32-fw.elf.dir/Port/Platform/Utils/st_hardware.c.obj
LOAD CMakeFiles/Ctrl-Step-STM32-fw.elf.dir/Port/Platform/retarget.c.obj
LOAD CMakeFiles/Ctrl-Step-STM32-fw.elf.dir/Port/button_stm32.cpp.obj
LOAD CMakeFiles/Ctrl-Step-STM32-fw.elf.dir/Port/encoder_calibrator_stm32.cpp.obj
LOAD CMakeFiles/Ctrl-Step-STM32-fw.elf.dir/Port/led_stm32.cpp.obj
LOAD CMakeFiles/Ctrl-Step-STM32-fw.elf.dir/Port/mt6816_stm32.cpp.obj
LOAD CMakeFiles/Ctrl-Step-STM32-fw.elf.dir/Port/tb67h450_stm32.cpp.obj
LOAD CMakeFiles/Ctrl-Step-STM32-fw.elf.dir/UserApp/main.cpp.obj
LOAD CMakeFiles/Ctrl-Step-STM32-fw.elf.dir/UserApp/protocols/interface_can.cpp.obj
LOAD CMakeFiles/Ctrl-Step-STM32-fw.elf.dir/UserApp/protocols/interface_uart.cpp.obj
LOAD CMakeFiles/Ctrl-Step-STM32-fw.elf.dir/startup/startup_stm32f103xb.s.obj
LOAD /usr/local/arm-gnu-toolchain-12.3.rel1-x86_64-arm-none-eabi/bin/../lib/gcc/arm-none-eabi/12.3.1/../../../../arm-none-eabi/lib/thumb/v7-m/nofp/libstdc++.a
LOAD /usr/local/arm-gnu-toolchain-12.3.rel1-x86_64-arm-none-eabi/bin/../lib/gcc/arm-none-eabi/12.3.1/../../../../arm-none-eabi/lib/thumb/v7-m/nofp/libm.a
START GROUP
LOAD /usr/local/arm-gnu-toolchain-12.3.rel1-x86_64-arm-none-eabi/bin/../lib/gcc/arm-none-eabi/12.3.1/thumb/v7-m/nofp/libgcc.a
LOAD /usr/local/arm-gnu-toolchain-12.3.rel1-x86_64-arm-none-eabi/bin/../lib/gcc/arm-none-eabi/12.3.1/../../../../arm-none-eabi/lib/thumb/v7-m/nofp/libg.a
LOAD /usr/local/arm-gnu-toolchain-12.3.rel1-x86_64-arm-none-eabi/bin/../lib/gcc/arm-none-eabi/12.3.1/../../../../arm-none-eabi/lib/thumb/v7-m/nofp/libc.a
END GROUP
LOAD /usr/local/arm-gnu-toolchain-12.3.rel1-x86_64-arm-none-eabi/bin/../lib/gcc/arm-none-eabi/12.3.1/thumb/v7-m/nofp/crtend.o
LOAD /usr/local/arm-gnu-toolchain-12.3.rel1-x86_64-arm-none-eabi/bin/../lib/gcc/arm-none-eabi/12.3.1/thumb/v7-m/nofp/crtn.o
                0x20005000                        _estack = 0x20005000
                0x00000200                        _Min_Heap_Size = 0x200
                0x00000400                        _Min_Stack_Size = 0x400

.isr_vector     0x08000000      0x10c
                0x08000000                        . = ALIGN (0x4)
 *(.isr_vector)
 .isr_vector    0x08000000      0x10c CMakeFiles/Ctrl-Step-STM32-fw.elf.dir/startup/startup_stm32f103xb.s.obj
                0x08000000                g_pfnVectors
                0x0800010c                        . = ALIGN (0x4)

.text           0x08000110     0xf03c
                0x08000110                        . = ALIGN (0x4)
 *(.text)
 .text          0x08000110      0x378 /usr/local/arm-gnu-toolchain-12.3.rel1-x86_64-arm-none-eabi/bin/../lib/gcc/arm-none-eabi/12.3.1/thumb/v7-m/nofp/libgcc.a(_arm_addsubdf3.o)
                0x08000110                __aeabi_drsub
                0x08000118                __aeabi_dsub
                0x08000118                __subdf3
                0x0800011c                __adddf3
                0x0800011c                __aeabi_dadd
                0x08000394                __aeabi_ui2d
                0x08000394                __floatunsidf
                0x080003b4                __floatsidf
                0x080003b4                __aeabi_i2d
                0x080003d8                __extendsfdf2
                0x080003d8                __aeabi_f2d
                0x0800041c                __aeabi_ul2d
                0x0800041c                __floatundidf
                0x0800042c                __floatdidf
                0x0800042c                __aeabi_l2d
 .text          0x08000488      0x424 /usr/local/arm-gnu-toolchain-12.3.rel1-x86_64-arm-none-eabi/bin/../lib/gcc/arm-none-eabi/12.3.1/thumb/v7-m/nofp/libgcc.a(_arm_muldivdf3.o)
                0x08000488                __aeabi_dmul
                0x08000488                __muldf3
                0x080006dc                __aeabi_ddiv
                0x080006dc                __divdf3
 .text          0x080008ac      0x110 /usr/local/arm-gnu-toolchain-12.3.rel1-x86_64-arm-none-eabi/bin/../lib/gcc/arm-none-eabi/12.3.1/thumb/v7-m/nofp/libgcc.a(_arm_cmpdf2.o)
                0x080008ac                __gtdf2
                0x080008ac                __gedf2
                0x080008b4                __ltdf2
                0x080008b4                __ledf2
                0x080008bc                __cmpdf2
                0x080008bc                __eqdf2
                0x080008bc                __nedf2
                0x08000938                __aeabi_cdrcmple
                0x08000948                __aeabi_cdcmple
                0x08000948                __aeabi_cdcmpeq
                0x08000958                __aeabi_dcmpeq
                0x0800096c                __aeabi_dcmplt
                0x08000980                __aeabi_dcmple
                0x08000994                __aeabi_dcmpge
                0x080009a8                __aeabi_dcmpgt
 .text          0x080009bc       0x2c /usr/local/arm-gnu-toolchain-12.3.rel1-x86_64-arm-none-eabi/bin/../lib/gcc/arm-none-eabi/12.3.1/thumb/v7-m/nofp/libgcc.a(_arm_unorddf2.o)
                0x080009bc                __aeabi_dcmpun
                0x080009bc                __unorddf2
 .text          0x080009e8       0xa0 /usr/local/arm-gnu-toolchain-12.3.rel1-x86_64-arm-none-eabi/bin/../lib/gcc/arm-none-eabi/12.3.1/thumb/v7-m/nofp/libgcc.a(_arm_truncdfsf2.o)
                0x080009e8                __aeabi_d2f
                0x080009e8                __truncdfsf2
 .text          0x08000a88      0x21c /usr/local/arm-gnu-toolchain-12.3.rel1-x86_64-arm-none-eabi/bin/../lib/gcc/arm-none-eabi/12.3.1/thumb/v7-m/nofp/libgcc.a(_arm_addsubsf3.o)
                0x08000a88                __aeabi_frsub
                0x08000a90                __subsf3
                0x08000a90                __aeabi_fsub
                0x08000a94                __aeabi_fadd
                0x08000a94                __addsf3
                0x08000bf4                __aeabi_ui2f
                0x08000bf4                __floatunsisf
                0x08000bfc                __aeabi_i2f
                0x08000bfc                __floatsisf
                0x08000c18                __floatundisf
                0x08000c18                __aeabi_ul2f
                0x08000c28                __floatdisf
                0x08000c28                __aeabi_l2f
 .text          0x08000ca4      0x2a0 /usr/local/arm-gnu-toolchain-12.3.rel1-x86_64-arm-none-eabi/bin/../lib/gcc/arm-none-eabi/12.3.1/thumb/v7-m/nofp/libgcc.a(_arm_muldivsf3.o)
                0x08000ca4                __mulsf3
                0x08000ca4                __aeabi_fmul
                0x08000e0c                __divsf3
                0x08000e0c                __aeabi_fdiv
 .text          0x08000f44       0xec /usr/local/arm-gnu-toolchain-12.3.rel1-x86_64-arm-none-eabi/bin/../lib/gcc/arm-none-eabi/12.3.1/thumb/v7-m/nofp/libgcc.a(_arm_cmpsf2.o)
                0x08000f44                __gtsf2
                0x08000f44                __gesf2
                0x08000f4c                __lesf2
                0x08000f4c                __ltsf2
                0x08000f54                __nesf2
                0x08000f54                __eqsf2
                0x08000f54                __cmpsf2
                0x08000fb4                __aeabi_cfrcmple
                0x08000fbc                __aeabi_cfcmple
                0x08000fbc                __aeabi_cfcmpeq
                0x08000fcc                __aeabi_fcmpeq
                0x08000fe0                __aeabi_fcmplt
                0x08000ff4                __aeabi_fcmple
                0x08001008                __aeabi_fcmpge
                0x0800101c                __aeabi_fcmpgt
 .text          0x08001030       0x2c /usr/local/arm-gnu-toolchain-12.3.rel1-x86_64-arm-none-eabi/bin/../lib/gcc/arm-none-eabi/12.3.1/thumb/v7-m/nofp/libgcc.a(_arm_unordsf2.o)
                0x08001030                __aeabi_fcmpun
                0x08001030                __unordsf2
 .text          0x0800105c       0x4c /usr/local/arm-gnu-toolchain-12.3.rel1-x86_64-arm-none-eabi/bin/../lib/gcc/arm-none-eabi/12.3.1/thumb/v7-m/nofp/libgcc.a(_arm_fixsfsi.o)
                0x0800105c                __fixsfsi
                0x0800105c                __aeabi_f2iz
 .text          0x080010a8      0x1ac /usr/local/arm-gnu-toolchain-12.3.rel1-x86_64-arm-none-eabi/bin/../lib/gcc/arm-none-eabi/12.3.1/thumb/v7-m/nofp/libgcc.a(libunwind.o)
                0x080010a8                __restore_core_regs
                0x080010a8                restore_core_regs
                0x080010c0                __gnu_Unwind_Restore_VFP
                0x080010c8                __gnu_Unwind_Save_VFP
                0x080010d0                __gnu_Unwind_Restore_VFP_D
                0x080010d8                __gnu_Unwind_Save_VFP_D
                0x080010e0                __gnu_Unwind_Restore_VFP_D_16_to_31
                0x080010e8                __gnu_Unwind_Save_VFP_D_16_to_31
                0x080010f0                __gnu_Unwind_Restore_WMMXD
                0x08001134                __gnu_Unwind_Save_WMMXD
                0x08001178                __gnu_Unwind_Restore_WMMXC
                0x0800118c                __gnu_Unwind_Save_WMMXC
                0x080011a0                ___Unwind_RaiseException
                0x080011a0                _Unwind_RaiseException
                0x080011c4                ___Unwind_Resume
                0x080011c4                _Unwind_Resume
                0x080011e8                _Unwind_Resume_or_Rethrow
                0x080011e8                ___Unwind_Resume_or_Rethrow
                0x0800120c                ___Unwind_ForcedUnwind
                0x0800120c                _Unwind_ForcedUnwind
                0x08001230                _Unwind_Backtrace
                0x08001230                ___Unwind_Backtrace
 .text          0x08001254      0x1bc /usr/local/arm-gnu-toolchain-12.3.rel1-x86_64-arm-none-eabi/bin/../lib/gcc/arm-none-eabi/12.3.1/../../../../arm-none-eabi/lib/thumb/v7-m/nofp/libg.a(libc_a-strcmp.o)
                0x08001254                strcmp
 .text          0x08001410       0xec /usr/local/arm-gnu-toolchain-12.3.rel1-x86_64-arm-none-eabi/bin/../lib/gcc/arm-none-eabi/12.3.1/../../../../arm-none-eabi/lib/thumb/v7-m/nofp/libg.a(libc_a-memcpy.o)
                0x08001410                memcpy
 .text          0x080014fc       0x40 /usr/local/arm-gnu-toolchain-12.3.rel1-x86_64-arm-none-eabi/bin/../lib/gcc/arm-none-eabi/12.3.1/thumb/v7-m/nofp/libgcc.a(_arm_fixunsdfsi.o)
                0x080014fc                __fixunsdfsi
                0x080014fc                __aeabi_d2uiz
 *(.text*)
 .text.deregister_tm_clones
                0x0800153c       0x1c /usr/local/arm-gnu-toolchain-12.3.rel1-x86_64-arm-none-eabi/bin/../lib/gcc/arm-none-eabi/12.3.1/thumb/v7-m/nofp/crtbegin.o
 .text.register_tm_clones
                0x08001558       0x24 /usr/local/arm-gnu-toolchain-12.3.rel1-x86_64-arm-none-eabi/bin/../lib/gcc/arm-none-eabi/12.3.1/thumb/v7-m/nofp/crtbegin.o
 .text.__do_global_dtors_aux
                0x0800157c       0x28 /usr/local/arm-gnu-toolchain-12.3.rel1-x86_64-arm-none-eabi/bin/../lib/gcc/arm-none-eabi/12.3.1/thumb/v7-m/nofp/crtbegin.o
 .text.frame_dummy
                0x080015a4       0x24 /usr/local/arm-gnu-toolchain-12.3.rel1-x86_64-arm-none-eabi/bin/../lib/gcc/arm-none-eabi/12.3.1/thumb/v7-m/nofp/crtbegin.o
 .text.MX_ADC1_Init
                0x080015c8       0x90 CMakeFiles/Ctrl-Step-STM32-fw.elf.dir/Core/Src/adc.c.obj
                0x080015c8                MX_ADC1_Init
 .text.HAL_ADC_MspInit
                0x08001658       0x9c CMakeFiles/Ctrl-Step-STM32-fw.elf.dir/Core/Src/adc.c.obj
                0x08001658                HAL_ADC_MspInit
 *fill*         0x080016f4        0x4 
 .text.AdcGetChipTemperature
                0x080016f8       0x98 CMakeFiles/Ctrl-Step-STM32-fw.elf.dir/Core/Src/adc.c.obj
                0x080016f8                AdcGetChipTemperature
 .text.MX_CAN_Init
                0x08001790       0xa4 CMakeFiles/Ctrl-Step-STM32-fw.elf.dir/Core/Src/can.c.obj
                0x08001790                MX_CAN_Init
 .text.HAL_CAN_MspInit
                0x08001834       0xc8 CMakeFiles/Ctrl-Step-STM32-fw.elf.dir/Core/Src/can.c.obj
                0x08001834                HAL_CAN_MspInit
 .text.CAN_Send
                0x080018fc       0x20 CMakeFiles/Ctrl-Step-STM32-fw.elf.dir/Core/Src/can.c.obj
                0x080018fc                CAN_Send
 .text.HAL_CAN_RxFifo0MsgPendingCallback
                0x0800191c       0x48 CMakeFiles/Ctrl-Step-STM32-fw.elf.dir/Core/Src/can.c.obj
                0x0800191c                HAL_CAN_RxFifo0MsgPendingCallback
 .text.MX_DMA_Init
                0x08001964       0x54 CMakeFiles/Ctrl-Step-STM32-fw.elf.dir/Core/Src/dma.c.obj
                0x08001964                MX_DMA_Init
 .text.MX_GPIO_Init
                0x080019b8      0x140 CMakeFiles/Ctrl-Step-STM32-fw.elf.dir/Core/Src/gpio.c.obj
                0x080019b8                MX_GPIO_Init
 .text.Error_Handler
                0x08001af8        0x4 CMakeFiles/Ctrl-Step-STM32-fw.elf.dir/Core/Src/main.c.obj
                0x08001af8                Error_Handler
 .text.SystemClock_Config
                0x08001afc       0x84 CMakeFiles/Ctrl-Step-STM32-fw.elf.dir/Core/Src/main.c.obj
                0x08001afc                SystemClock_Config
 .text.main     0x08001b80       0x38 CMakeFiles/Ctrl-Step-STM32-fw.elf.dir/Core/Src/main.c.obj
                0x08001b80                main
 .text.MX_SPI1_Init
                0x08001bb8       0x4c CMakeFiles/Ctrl-Step-STM32-fw.elf.dir/Core/Src/spi.c.obj
                0x08001bb8                MX_SPI1_Init
 .text.HAL_SPI_MspInit
                0x08001c04       0x88 CMakeFiles/Ctrl-Step-STM32-fw.elf.dir/Core/Src/spi.c.obj
                0x08001c04                HAL_SPI_MspInit
 .text.HAL_MspInit
                0x08001c8c       0x44 CMakeFiles/Ctrl-Step-STM32-fw.elf.dir/Core/Src/stm32f1xx_hal_msp.c.obj
                0x08001c8c                HAL_MspInit
 .text.NMI_Handler
                0x08001cd0        0x2 CMakeFiles/Ctrl-Step-STM32-fw.elf.dir/Core/Src/stm32f1xx_it.c.obj
                0x08001cd0                NMI_Handler
 .text.HardFault_Handler
                0x08001cd2        0x2 CMakeFiles/Ctrl-Step-STM32-fw.elf.dir/Core/Src/stm32f1xx_it.c.obj
                0x08001cd2                HardFault_Handler
 .text.MemManage_Handler
                0x08001cd4        0x2 CMakeFiles/Ctrl-Step-STM32-fw.elf.dir/Core/Src/stm32f1xx_it.c.obj
                0x08001cd4                MemManage_Handler
 .text.BusFault_Handler
                0x08001cd6        0x2 CMakeFiles/Ctrl-Step-STM32-fw.elf.dir/Core/Src/stm32f1xx_it.c.obj
                0x08001cd6                BusFault_Handler
 .text.UsageFault_Handler
                0x08001cd8        0x2 CMakeFiles/Ctrl-Step-STM32-fw.elf.dir/Core/Src/stm32f1xx_it.c.obj
                0x08001cd8                UsageFault_Handler
 .text.SVC_Handler
                0x08001cda        0x2 CMakeFiles/Ctrl-Step-STM32-fw.elf.dir/Core/Src/stm32f1xx_it.c.obj
                0x08001cda                SVC_Handler
 .text.DebugMon_Handler
                0x08001cdc        0x2 CMakeFiles/Ctrl-Step-STM32-fw.elf.dir/Core/Src/stm32f1xx_it.c.obj
                0x08001cdc                DebugMon_Handler
 .text.PendSV_Handler
                0x08001cde        0x2 CMakeFiles/Ctrl-Step-STM32-fw.elf.dir/Core/Src/stm32f1xx_it.c.obj
                0x08001cde                PendSV_Handler
 .text.SysTick_Handler
                0x08001ce0        0x8 CMakeFiles/Ctrl-Step-STM32-fw.elf.dir/Core/Src/stm32f1xx_it.c.obj
                0x08001ce0                SysTick_Handler
 .text.DMA1_Channel1_IRQHandler
                0x08001ce8       0x10 CMakeFiles/Ctrl-Step-STM32-fw.elf.dir/Core/Src/stm32f1xx_it.c.obj
                0x08001ce8                DMA1_Channel1_IRQHandler
 .text.DMA1_Channel4_IRQHandler
                0x08001cf8       0x10 CMakeFiles/Ctrl-Step-STM32-fw.elf.dir/Core/Src/stm32f1xx_it.c.obj
                0x08001cf8                DMA1_Channel4_IRQHandler
 .text.DMA1_Channel5_IRQHandler
                0x08001d08       0x10 CMakeFiles/Ctrl-Step-STM32-fw.elf.dir/Core/Src/stm32f1xx_it.c.obj
                0x08001d08                DMA1_Channel5_IRQHandler
 .text.USB_HP_CAN1_TX_IRQHandler
                0x08001d18       0x10 CMakeFiles/Ctrl-Step-STM32-fw.elf.dir/Core/Src/stm32f1xx_it.c.obj
                0x08001d18                USB_HP_CAN1_TX_IRQHandler
 .text.USB_LP_CAN1_RX0_IRQHandler
                0x08001d28       0x10 CMakeFiles/Ctrl-Step-STM32-fw.elf.dir/Core/Src/stm32f1xx_it.c.obj
                0x08001d28                USB_LP_CAN1_RX0_IRQHandler
 .text.CAN1_RX1_IRQHandler
                0x08001d38       0x10 CMakeFiles/Ctrl-Step-STM32-fw.elf.dir/Core/Src/stm32f1xx_it.c.obj
                0x08001d38                CAN1_RX1_IRQHandler
 .text.CAN1_SCE_IRQHandler
                0x08001d48       0x10 CMakeFiles/Ctrl-Step-STM32-fw.elf.dir/Core/Src/stm32f1xx_it.c.obj
                0x08001d48                CAN1_SCE_IRQHandler
 .text.EXTI9_5_IRQHandler
                0x08001d58        0x2 CMakeFiles/Ctrl-Step-STM32-fw.elf.dir/Core/Src/stm32f1xx_it.c.obj
                0x08001d58                EXTI9_5_IRQHandler
 .text.TIM1_UP_IRQHandler
                0x08001d5a        0x8 CMakeFiles/Ctrl-Step-STM32-fw.elf.dir/Core/Src/stm32f1xx_it.c.obj
                0x08001d5a                TIM1_UP_IRQHandler
 .text.TIM3_IRQHandler
                0x08001d62        0x2 CMakeFiles/Ctrl-Step-STM32-fw.elf.dir/Core/Src/stm32f1xx_it.c.obj
                0x08001d62                TIM3_IRQHandler
 .text.TIM4_IRQHandler
                0x08001d64        0x8 CMakeFiles/Ctrl-Step-STM32-fw.elf.dir/Core/Src/stm32f1xx_it.c.obj
                0x08001d64                TIM4_IRQHandler
 .text.USART1_IRQHandler
                0x08001d6c       0x78 CMakeFiles/Ctrl-Step-STM32-fw.elf.dir/Core/Src/stm32f1xx_it.c.obj
                0x08001d6c                USART1_IRQHandler
 .text._getpid  0x08001de4        0x4 CMakeFiles/Ctrl-Step-STM32-fw.elf.dir/Core/Src/syscalls.c.obj
                0x08001de4                _getpid
 .text._kill    0x08001de8       0x10 CMakeFiles/Ctrl-Step-STM32-fw.elf.dir/Core/Src/syscalls.c.obj
                0x08001de8                _kill
 .text._exit    0x08001df8        0xc CMakeFiles/Ctrl-Step-STM32-fw.elf.dir/Core/Src/syscalls.c.obj
                0x08001df8                _exit
 .text._sbrk    0x08001e04       0x3c CMakeFiles/Ctrl-Step-STM32-fw.elf.dir/Core/Src/syscalls.c.obj
                0x08001e04                _sbrk
 .text.SystemInit
                0x08001e40        0x2 CMakeFiles/Ctrl-Step-STM32-fw.elf.dir/Core/Src/system_stm32f1xx.c.obj
                0x08001e40                SystemInit
 *fill*         0x08001e42        0x2 
 .text.MX_TIM1_Init
                0x08001e44       0x74 CMakeFiles/Ctrl-Step-STM32-fw.elf.dir/Core/Src/tim.c.obj
                0x08001e44                MX_TIM1_Init
 .text.MX_TIM3_Init
                0x08001eb8       0xac CMakeFiles/Ctrl-Step-STM32-fw.elf.dir/Core/Src/tim.c.obj
                0x08001eb8                MX_TIM3_Init
 .text.MX_TIM4_Init
                0x08001f64       0x70 CMakeFiles/Ctrl-Step-STM32-fw.elf.dir/Core/Src/tim.c.obj
                0x08001f64                MX_TIM4_Init
 .text.HAL_TIM_Base_MspInit
                0x08001fd4       0xcc CMakeFiles/Ctrl-Step-STM32-fw.elf.dir/Core/Src/tim.c.obj
                0x08001fd4                HAL_TIM_Base_MspInit
 .text.HAL_TIM_PWM_MspInit
                0x080020a0       0x26 CMakeFiles/Ctrl-Step-STM32-fw.elf.dir/Core/Src/tim.c.obj
                0x080020a0                HAL_TIM_PWM_MspInit
 *fill*         0x080020c6        0x2 
 .text.HAL_TIM_MspPostInit
                0x080020c8       0x64 CMakeFiles/Ctrl-Step-STM32-fw.elf.dir/Core/Src/tim.c.obj
                0x080020c8                HAL_TIM_MspPostInit
 .text.MX_TIM2_Init
                0x0800212c       0xa0 CMakeFiles/Ctrl-Step-STM32-fw.elf.dir/Core/Src/tim.c.obj
                0x0800212c                MX_TIM2_Init
 .text.HAL_UART_MspInit
                0x080021cc      0x104 CMakeFiles/Ctrl-Step-STM32-fw.elf.dir/Core/Src/usart.c.obj
                0x080021cc                HAL_UART_MspInit
 .text.Uart_SetRxCpltCallBack
                0x080022d0        0xc CMakeFiles/Ctrl-Step-STM32-fw.elf.dir/Core/Src/usart.c.obj
                0x080022d0                Uart_SetRxCpltCallBack
 .text.MX_USART1_UART_Init
                0x080022dc       0x60 CMakeFiles/Ctrl-Step-STM32-fw.elf.dir/Core/Src/usart.c.obj
                0x080022dc                MX_USART1_UART_Init
 .text._ZN12TB67H450Base8InitGpioEv
                0x0800233c        0x2 CMakeFiles/Ctrl-Step-STM32-fw.elf.dir/Ctrl/Driver/tb67h450_base.cpp.obj
                0x0800233c                TB67H450Base::InitGpio()
 .text._ZN12TB67H450Base7InitPwmEv
                0x0800233e        0x2 CMakeFiles/Ctrl-Step-STM32-fw.elf.dir/Ctrl/Driver/tb67h450_base.cpp.obj
                0x0800233e                TB67H450Base::InitPwm()
 .text._ZN12TB67H450Base16DacOutputVoltageEtt
                0x08002340        0x2 CMakeFiles/Ctrl-Step-STM32-fw.elf.dir/Ctrl/Driver/tb67h450_base.cpp.obj
                0x08002340                TB67H450Base::DacOutputVoltage(unsigned short, unsigned short)
 .text._ZN12TB67H450Base9SetInputAEbb
                0x08002342        0x2 CMakeFiles/Ctrl-Step-STM32-fw.elf.dir/Ctrl/Driver/tb67h450_base.cpp.obj
                0x08002342                TB67H450Base::SetInputA(bool, bool)
 .text._ZN12TB67H450Base9SetInputBEbb
                0x08002344        0x2 CMakeFiles/Ctrl-Step-STM32-fw.elf.dir/Ctrl/Driver/tb67h450_base.cpp.obj
                0x08002344                TB67H450Base::SetInputB(bool, bool)
 .text._ZN12TB67H450Base4InitEv
                0x08002346       0x14 CMakeFiles/Ctrl-Step-STM32-fw.elf.dir/Ctrl/Driver/tb67h450_base.cpp.obj
                0x08002346                TB67H450Base::Init()
 *fill*         0x0800235a        0x2 
 .text._ZN12TB67H450Base19SetFocCurrentVectorEml
                0x0800235c       0xd4 CMakeFiles/Ctrl-Step-STM32-fw.elf.dir/Ctrl/Driver/tb67h450_base.cpp.obj
                0x0800235c                TB67H450Base::SetFocCurrentVector(unsigned long, long)
 .text._ZN12TB67H450Base18SetTwoCoilsCurrentEtt
                0x08002430        0xa CMakeFiles/Ctrl-Step-STM32-fw.elf.dir/Ctrl/Driver/tb67h450_base.cpp.obj
                0x08002430                TB67H450Base::SetTwoCoilsCurrent(unsigned short, unsigned short)
 .text._ZN12TB67H450Base5SleepEv
                0x0800243a       0x2e CMakeFiles/Ctrl-Step-STM32-fw.elf.dir/Ctrl/Driver/tb67h450_base.cpp.obj
                0x0800243a                TB67H450Base::Sleep()
 .text._ZN12TB67H450Base5BrakeEv
                0x08002468       0x2c CMakeFiles/Ctrl-Step-STM32-fw.elf.dir/Ctrl/Driver/tb67h450_base.cpp.obj
                0x08002468                TB67H450Base::Brake()
 .text._ZN13MotionPlanner14CurrentTracker7NewTaskEl
                0x08002494        0x8 CMakeFiles/Ctrl-Step-STM32-fw.elf.dir/Ctrl/Motor/motion_planner.cpp.obj
                0x08002494                MotionPlanner::CurrentTracker::NewTask(long)
 .text._ZN13MotionPlanner14CurrentTracker19CalcCurrentIntegralEl
                0x0800249c       0x26 CMakeFiles/Ctrl-Step-STM32-fw.elf.dir/Ctrl/Motor/motion_planner.cpp.obj
                0x0800249c                MotionPlanner::CurrentTracker::CalcCurrentIntegral(long)
 .text._ZN13MotionPlanner14CurrentTracker12CalcSoftGoalEl
                0x080024c2       0x78 CMakeFiles/Ctrl-Step-STM32-fw.elf.dir/Ctrl/Motor/motion_planner.cpp.obj
                0x080024c2                MotionPlanner::CurrentTracker::CalcSoftGoal(long)
 .text._ZN13MotionPlanner14CurrentTracker13SetCurrentAccEl
                0x0800253a        0x4 CMakeFiles/Ctrl-Step-STM32-fw.elf.dir/Ctrl/Motor/motion_planner.cpp.obj
                0x0800253a                MotionPlanner::CurrentTracker::SetCurrentAcc(long)
 .text._ZN13MotionPlanner14CurrentTracker4InitEv
                0x0800253e       0x10 CMakeFiles/Ctrl-Step-STM32-fw.elf.dir/Ctrl/Motor/motion_planner.cpp.obj
                0x0800253e                MotionPlanner::CurrentTracker::Init()
 .text._ZN13MotionPlanner15VelocityTracker14SetVelocityAccEl
                0x0800254e        0x4 CMakeFiles/Ctrl-Step-STM32-fw.elf.dir/Ctrl/Motor/motion_planner.cpp.obj
                0x0800254e                MotionPlanner::VelocityTracker::SetVelocityAcc(long)
 .text._ZN13MotionPlanner15VelocityTracker4InitEv
                0x08002552       0x10 CMakeFiles/Ctrl-Step-STM32-fw.elf.dir/Ctrl/Motor/motion_planner.cpp.obj
                0x08002552                MotionPlanner::VelocityTracker::Init()
 .text._ZN13MotionPlanner15VelocityTracker7NewTaskEl
                0x08002562        0x8 CMakeFiles/Ctrl-Step-STM32-fw.elf.dir/Ctrl/Motor/motion_planner.cpp.obj
                0x08002562                MotionPlanner::VelocityTracker::NewTask(long)
 .text._ZN13MotionPlanner15VelocityTracker20CalcVelocityIntegralEl
                0x0800256a       0x26 CMakeFiles/Ctrl-Step-STM32-fw.elf.dir/Ctrl/Motor/motion_planner.cpp.obj
                0x0800256a                MotionPlanner::VelocityTracker::CalcVelocityIntegral(long)
 .text._ZN13MotionPlanner15VelocityTracker12CalcSoftGoalEl
                0x08002590       0x78 CMakeFiles/Ctrl-Step-STM32-fw.elf.dir/Ctrl/Motor/motion_planner.cpp.obj
                0x08002590                MotionPlanner::VelocityTracker::CalcSoftGoal(long)
 .text._ZN13MotionPlanner15PositionTracker14SetVelocityAccEl
                0x08002608       0x1c CMakeFiles/Ctrl-Step-STM32-fw.elf.dir/Ctrl/Motor/motion_planner.cpp.obj
                0x08002608                MotionPlanner::PositionTracker::SetVelocityAcc(long)
 .text._ZN13MotionPlanner15PositionTracker4InitEv
                0x08002624       0x2c CMakeFiles/Ctrl-Step-STM32-fw.elf.dir/Ctrl/Motor/motion_planner.cpp.obj
                0x08002624                MotionPlanner::PositionTracker::Init()
 .text._ZN13MotionPlanner15PositionTracker7NewTaskEll
                0x08002650        0xc CMakeFiles/Ctrl-Step-STM32-fw.elf.dir/Ctrl/Motor/motion_planner.cpp.obj
                0x08002650                MotionPlanner::PositionTracker::NewTask(long, long)
 .text._ZN13MotionPlanner15PositionTracker20CalcPositionIntegralEl
                0x0800265c       0x26 CMakeFiles/Ctrl-Step-STM32-fw.elf.dir/Ctrl/Motor/motion_planner.cpp.obj
                0x0800265c                MotionPlanner::PositionTracker::CalcPositionIntegral(long)
 .text._ZN13MotionPlanner15PositionTracker20CalcVelocityIntegralEl
                0x08002682       0x26 CMakeFiles/Ctrl-Step-STM32-fw.elf.dir/Ctrl/Motor/motion_planner.cpp.obj
                0x08002682                MotionPlanner::PositionTracker::CalcVelocityIntegral(long)
 .text._ZN13MotionPlanner15PositionTracker12CalcSoftGoalEl
                0x080026a8      0x1e8 CMakeFiles/Ctrl-Step-STM32-fw.elf.dir/Ctrl/Motor/motion_planner.cpp.obj
                0x080026a8                MotionPlanner::PositionTracker::CalcSoftGoal(long)
 .text._ZN13MotionPlanner20PositionInterpolator7NewTaskEll
                0x08002890        0xa CMakeFiles/Ctrl-Step-STM32-fw.elf.dir/Ctrl/Motor/motion_planner.cpp.obj
                0x08002890                MotionPlanner::PositionInterpolator::NewTask(long, long)
 .text._ZN13MotionPlanner20PositionInterpolator12CalcSoftGoalEl
                0x0800289a       0x34 CMakeFiles/Ctrl-Step-STM32-fw.elf.dir/Ctrl/Motor/motion_planner.cpp.obj
                0x0800289a                MotionPlanner::PositionInterpolator::CalcSoftGoal(long)
 .text._ZN13MotionPlanner17TrajectoryTracker22SetSlowDownVelocityAccEl
                0x080028ce        0x4 CMakeFiles/Ctrl-Step-STM32-fw.elf.dir/Ctrl/Motor/motion_planner.cpp.obj
                0x080028ce                MotionPlanner::TrajectoryTracker::SetSlowDownVelocityAcc(long)
 .text._ZN13MotionPlanner17TrajectoryTracker7NewTaskEll
                0x080028d2       0x10 CMakeFiles/Ctrl-Step-STM32-fw.elf.dir/Ctrl/Motor/motion_planner.cpp.obj
                0x080028d2                MotionPlanner::TrajectoryTracker::NewTask(long, long)
 .text._ZN13MotionPlanner17TrajectoryTracker20CalcVelocityIntegralEl
                0x080028e2       0x26 CMakeFiles/Ctrl-Step-STM32-fw.elf.dir/Ctrl/Motor/motion_planner.cpp.obj
                0x080028e2                MotionPlanner::TrajectoryTracker::CalcVelocityIntegral(long)
 .text._ZN13MotionPlanner17TrajectoryTracker20CalcPositionIntegralEl
                0x08002908       0x26 CMakeFiles/Ctrl-Step-STM32-fw.elf.dir/Ctrl/Motor/motion_planner.cpp.obj
                0x08002908                MotionPlanner::TrajectoryTracker::CalcPositionIntegral(long)
 .text._ZN13MotionPlanner17TrajectoryTracker12CalcSoftGoalEll
                0x0800292e       0xda CMakeFiles/Ctrl-Step-STM32-fw.elf.dir/Ctrl/Motor/motion_planner.cpp.obj
                0x0800292e                MotionPlanner::TrajectoryTracker::CalcSoftGoal(long, long)
 .text._ZN13MotionPlanner17TrajectoryTracker4InitEl
                0x08002a08       0x16 CMakeFiles/Ctrl-Step-STM32-fw.elf.dir/Ctrl/Motor/motion_planner.cpp.obj
                0x08002a08                MotionPlanner::TrajectoryTracker::Init(long)
 .text._ZN13MotionPlanner12AttachConfigEPNS_8Config_tE
                0x08002a1e       0x2a CMakeFiles/Ctrl-Step-STM32-fw.elf.dir/Ctrl/Motor/motion_planner.cpp.obj
                0x08002a1e                MotionPlanner::AttachConfig(MotionPlanner::Config_t*)
 .text._ZN5Motor13AttachEncoderEP11EncoderBase
                0x08002a48        0x6 CMakeFiles/Ctrl-Step-STM32-fw.elf.dir/Ctrl/Motor/motor.cpp.obj
                0x08002a48                Motor::AttachEncoder(EncoderBase*)
 .text._ZN5Motor12AttachDriverEP10DriverBase
                0x08002a4e        0x6 CMakeFiles/Ctrl-Step-STM32-fw.elf.dir/Ctrl/Motor/motor.cpp.obj
                0x08002a4e                Motor::AttachDriver(DriverBase*)
 .text._ZN5Motor10Controller19CalcCurrentToOutputEl
                0x08002a54       0x3c CMakeFiles/Ctrl-Step-STM32-fw.elf.dir/Ctrl/Motor/motor.cpp.obj
                0x08002a54                Motor::Controller::CalcCurrentToOutput(long)
 .text._ZN5Motor10Controller15CalcPidToOutputEl
                0x08002a90       0xc8 CMakeFiles/Ctrl-Step-STM32-fw.elf.dir/Ctrl/Motor/motor.cpp.obj
                0x08002a90                Motor::Controller::CalcPidToOutput(long)
 .text._ZN5Motor10Controller15CalcDceToOutputEll
                0x08002b58       0xf4 CMakeFiles/Ctrl-Step-STM32-fw.elf.dir/Ctrl/Motor/motor.cpp.obj
                0x08002b58                Motor::Controller::CalcDceToOutput(long, long)
 .text._ZN5Motor10Controller11SetCtrlModeENS_6Mode_tE
                0x08002c4c        0x4 CMakeFiles/Ctrl-Step-STM32-fw.elf.dir/Ctrl/Motor/motor.cpp.obj
                0x08002c4c                Motor::Controller::SetCtrlMode(Motor::Mode_t)
 .text._ZN5Motor10Controller19SetPositionSetPointEl
                0x08002c50        0xa CMakeFiles/Ctrl-Step-STM32-fw.elf.dir/Ctrl/Motor/motor.cpp.obj
                0x08002c50                Motor::Controller::SetPositionSetPoint(long)
 *fill*         0x08002c5a        0x2 
 .text._ZN5Motor10Controller27SetPositionSetPointWithTimeElf
                0x08002c5c       0xbc CMakeFiles/Ctrl-Step-STM32-fw.elf.dir/Ctrl/Motor/motor.cpp.obj
                0x08002c5c                Motor::Controller::SetPositionSetPointWithTime(long, float)
 .text._ZN5Motor10Controller19SetVelocitySetPointEl
                0x08002d18       0x12 CMakeFiles/Ctrl-Step-STM32-fw.elf.dir/Ctrl/Motor/motor.cpp.obj
                0x08002d18                Motor::Controller::SetVelocitySetPoint(long)
 .text._ZN5Motor10Controller11GetPositionEb
                0x08002d2a       0x40 CMakeFiles/Ctrl-Step-STM32-fw.elf.dir/Ctrl/Motor/motor.cpp.obj
                0x08002d2a                Motor::Controller::GetPosition(bool)
 .text._ZN5Motor10Controller11GetVelocityEv
                0x08002d6a       0x1e CMakeFiles/Ctrl-Step-STM32-fw.elf.dir/Ctrl/Motor/motor.cpp.obj
                0x08002d6a                Motor::Controller::GetVelocity()
 .text._ZN5Motor10Controller13GetFocCurrentEv
                0x08002d88       0x14 CMakeFiles/Ctrl-Step-STM32-fw.elf.dir/Ctrl/Motor/motor.cpp.obj
                0x08002d88                Motor::Controller::GetFocCurrent()
 .text._ZN5Motor10Controller18SetCurrentSetPointEl
                0x08002d9c       0x1a CMakeFiles/Ctrl-Step-STM32-fw.elf.dir/Ctrl/Motor/motor.cpp.obj
                0x08002d9c                Motor::Controller::SetCurrentSetPoint(long)
 .text._ZN5Motor10Controller14ClearStallFlagEv
                0x08002db6        0x8 CMakeFiles/Ctrl-Step-STM32-fw.elf.dir/Ctrl/Motor/motor.cpp.obj
                0x08002db6                Motor::Controller::ClearStallFlag()
 *fill*         0x08002dbe        0x2 
 .text._ZN5Motor10Controller23CompensateAdvancedAngleEl
                0x08002dc0       0xe4 CMakeFiles/Ctrl-Step-STM32-fw.elf.dir/Ctrl/Motor/motor.cpp.obj
                0x08002dc0                Motor::Controller::CompensateAdvancedAngle(long)
 .text._ZN5Motor10Controller4InitEv
                0x08002ea4       0xa4 CMakeFiles/Ctrl-Step-STM32-fw.elf.dir/Ctrl/Motor/motor.cpp.obj
                0x08002ea4                Motor::Controller::Init()
 .text._ZN5Motor10Controller20ApplyPosAsHomeOffsetEv
                0x08002f48       0x12 CMakeFiles/Ctrl-Step-STM32-fw.elf.dir/Ctrl/Motor/motor.cpp.obj
                0x08002f48                Motor::Controller::ApplyPosAsHomeOffset()
 .text._ZN5Motor10Controller12AttachConfigEPNS0_8Config_tE
                0x08002f5a        0x4 CMakeFiles/Ctrl-Step-STM32-fw.elf.dir/Ctrl/Motor/motor.cpp.obj
                0x08002f5a                Motor::Controller::AttachConfig(Motor::Controller::Config_t*)
 .text._ZNK5Motor10Controller13ClearIntegralEv
                0x08002f5e       0x1c CMakeFiles/Ctrl-Step-STM32-fw.elf.dir/Ctrl/Motor/motor.cpp.obj
                0x08002f5e                Motor::Controller::ClearIntegral() const
 *fill*         0x08002f7a        0x2 
 .text._ZN5Motor20CloseLoopControlTickEv
                0x08002f7c      0x53c CMakeFiles/Ctrl-Step-STM32-fw.elf.dir/Ctrl/Motor/motor.cpp.obj
                0x08002f7c                Motor::CloseLoopControlTick()
 .text._ZN5Motor9Tick20kHzEv
                0x080034b8       0x16 CMakeFiles/Ctrl-Step-STM32-fw.elf.dir/Ctrl/Motor/motor.cpp.obj
                0x080034b8                Motor::Tick20kHz()
 .text._ZN21EncoderCalibratorBase16CycleDataAverageEPKttl
                0x080034ce       0x4a CMakeFiles/Ctrl-Step-STM32-fw.elf.dir/Ctrl/Sensor/Encoder/encoder_calibrator_base.cpp.obj
                0x080034ce                EncoderCalibratorBase::CycleDataAverage(unsigned short const*, unsigned short, long)
 .text._ZN21EncoderCalibratorBase9Tick20kHzEv
                0x08003518      0x1d2 CMakeFiles/Ctrl-Step-STM32-fw.elf.dir/Ctrl/Sensor/Encoder/encoder_calibrator_base.cpp.obj
                0x08003518                EncoderCalibratorBase::Tick20kHz()
 .text._ZN21EncoderCalibratorBase8CycleModEmm
                0x080036ea        0xc CMakeFiles/Ctrl-Step-STM32-fw.elf.dir/Ctrl/Sensor/Encoder/encoder_calibrator_base.cpp.obj
                0x080036ea                EncoderCalibratorBase::CycleMod(unsigned long, unsigned long)
 .text._ZN21EncoderCalibratorBase13CycleSubtractElll
                0x080036f6       0x16 CMakeFiles/Ctrl-Step-STM32-fw.elf.dir/Ctrl/Sensor/Encoder/encoder_calibrator_base.cpp.obj
                0x080036f6                EncoderCalibratorBase::CycleSubtract(long, long, long)
 .text._ZN21EncoderCalibratorBase12CycleAverageElll
                0x0800370c       0x20 CMakeFiles/Ctrl-Step-STM32-fw.elf.dir/Ctrl/Sensor/Encoder/encoder_calibrator_base.cpp.obj
                0x0800370c                EncoderCalibratorBase::CycleAverage(long, long, long)
 .text._ZN21EncoderCalibratorBase20CalibrationDataCheckEv
                0x0800372c      0x1b8 CMakeFiles/Ctrl-Step-STM32-fw.elf.dir/Ctrl/Sensor/Encoder/encoder_calibrator_base.cpp.obj
                0x0800372c                EncoderCalibratorBase::CalibrationDataCheck()
 .text._ZN21EncoderCalibratorBase12TickMainLoopEv
                0x080038e4      0x296 CMakeFiles/Ctrl-Step-STM32-fw.elf.dir/Ctrl/Sensor/Encoder/encoder_calibrator_base.cpp.obj
                0x080038e4                EncoderCalibratorBase::TickMainLoop()
 .text._ZN10MT6816Base7SpiInitEv
                0x08003b7a        0x2 CMakeFiles/Ctrl-Step-STM32-fw.elf.dir/Ctrl/Sensor/Encoder/mt6816_base.cpp.obj
                0x08003b7a                MT6816Base::SpiInit()
 .text._ZN10MT6816Base4InitEv
                0x08003b7c       0x3a CMakeFiles/Ctrl-Step-STM32-fw.elf.dir/Ctrl/Sensor/Encoder/mt6816_base.cpp.obj
                0x08003b7c                MT6816Base::Init()
 .text._ZN10MT6816Base11UpdateAngleEv
                0x08003bb6       0x96 CMakeFiles/Ctrl-Step-STM32-fw.elf.dir/Ctrl/Sensor/Encoder/mt6816_base.cpp.obj
                0x08003bb6                MT6816Base::UpdateAngle()
 .text._ZN10MT6816Base12IsCalibratedEv
                0x08003c4c        0x4 CMakeFiles/Ctrl-Step-STM32-fw.elf.dir/Ctrl/Sensor/Encoder/mt6816_base.cpp.obj
                0x08003c4c                MT6816Base::IsCalibrated()
 .text._ZN10MT6816Base24SpiTransmitAndRead16BitsEt
                0x08003c50        0x0 CMakeFiles/Ctrl-Step-STM32-fw.elf.dir/Ctrl/Sensor/Encoder/mt6816_base.cpp.obj
                0x08003c50                MT6816Base::SpiTransmitAndRead16Bits(unsigned short)
 .text._ZN10ButtonBase4TickEm
                0x08003c50       0x4c CMakeFiles/Ctrl-Step-STM32-fw.elf.dir/Ctrl/Signal/button_base.cpp.obj
                0x08003c50                ButtonBase::Tick(unsigned long)
 .text._ZN10ButtonBase18SetOnEventListenerEPFvNS_5EventEE
                0x08003c9c       0x14 CMakeFiles/Ctrl-Step-STM32-fw.elf.dir/Ctrl/Signal/button_base.cpp.obj
                0x08003c9c                ButtonBase::SetOnEventListener(void (*)(ButtonBase::Event))
 .text._ZN7LedBase6StatusEhb
                0x08003cb0        0xa CMakeFiles/Ctrl-Step-STM32-fw.elf.dir/Ctrl/Signal/led_base.cpp.obj
                0x08003cb0                LedBase::Status(unsigned char, bool)
 .text._ZN7LedBase4TickEmN5Motor7State_tE
                0x08003cba      0x1b2 CMakeFiles/Ctrl-Step-STM32-fw.elf.dir/Ctrl/Signal/led_base.cpp.obj
                0x08003cba                LedBase::Tick(unsigned long, Motor::State_t)
 .text.HAL_InitTick
                0x08003e6c       0x4c CMakeFiles/Ctrl-Step-STM32-fw.elf.dir/Drivers/STM32F1xx_HAL_Driver/Src/stm32f1xx_hal.c.obj
                0x08003e6c                HAL_InitTick
 .text.HAL_Init
                0x08003eb8       0x24 CMakeFiles/Ctrl-Step-STM32-fw.elf.dir/Drivers/STM32F1xx_HAL_Driver/Src/stm32f1xx_hal.c.obj
                0x08003eb8                HAL_Init
 .text.HAL_IncTick
                0x08003edc       0x18 CMakeFiles/Ctrl-Step-STM32-fw.elf.dir/Drivers/STM32F1xx_HAL_Driver/Src/stm32f1xx_hal.c.obj
                0x08003edc                HAL_IncTick
 .text.HAL_GetTick
                0x08003ef4        0xc CMakeFiles/Ctrl-Step-STM32-fw.elf.dir/Drivers/STM32F1xx_HAL_Driver/Src/stm32f1xx_hal.c.obj
                0x08003ef4                HAL_GetTick
 .text.HAL_Delay
                0x08003f00       0x28 CMakeFiles/Ctrl-Step-STM32-fw.elf.dir/Drivers/STM32F1xx_HAL_Driver/Src/stm32f1xx_hal.c.obj
                0x08003f00                HAL_Delay
 .text.HAL_ADC_ConvCpltCallback
                0x08003f28        0x2 CMakeFiles/Ctrl-Step-STM32-fw.elf.dir/Drivers/STM32F1xx_HAL_Driver/Src/stm32f1xx_hal_adc.c.obj
                0x08003f28                HAL_ADC_ConvCpltCallback
 .text.ADC_DMAConvCplt
                0x08003f2a       0x52 CMakeFiles/Ctrl-Step-STM32-fw.elf.dir/Drivers/STM32F1xx_HAL_Driver/Src/stm32f1xx_hal_adc.c.obj
                0x08003f2a                ADC_DMAConvCplt
 .text.HAL_ADC_ConvHalfCpltCallback
                0x08003f7c        0x2 CMakeFiles/Ctrl-Step-STM32-fw.elf.dir/Drivers/STM32F1xx_HAL_Driver/Src/stm32f1xx_hal_adc.c.obj
                0x08003f7c                HAL_ADC_ConvHalfCpltCallback
 .text.ADC_DMAHalfConvCplt
                0x08003f7e        0xa CMakeFiles/Ctrl-Step-STM32-fw.elf.dir/Drivers/STM32F1xx_HAL_Driver/Src/stm32f1xx_hal_adc.c.obj
                0x08003f7e                ADC_DMAHalfConvCplt
 .text.HAL_ADC_ErrorCallback
                0x08003f88        0x2 CMakeFiles/Ctrl-Step-STM32-fw.elf.dir/Drivers/STM32F1xx_HAL_Driver/Src/stm32f1xx_hal_adc.c.obj
                0x08003f88                HAL_ADC_ErrorCallback
 .text.ADC_DMAError
                0x08003f8a       0x1a CMakeFiles/Ctrl-Step-STM32-fw.elf.dir/Drivers/STM32F1xx_HAL_Driver/Src/stm32f1xx_hal_adc.c.obj
                0x08003f8a                ADC_DMAError
 .text.HAL_ADC_ConfigChannel
                0x08003fa4      0x140 CMakeFiles/Ctrl-Step-STM32-fw.elf.dir/Drivers/STM32F1xx_HAL_Driver/Src/stm32f1xx_hal_adc.c.obj
                0x08003fa4                HAL_ADC_ConfigChannel
 .text.ADC_Enable
                0x080040e4       0x88 CMakeFiles/Ctrl-Step-STM32-fw.elf.dir/Drivers/STM32F1xx_HAL_Driver/Src/stm32f1xx_hal_adc.c.obj
                0x080040e4                ADC_Enable
 .text.HAL_ADC_Start_DMA
                0x0800416c      0x130 CMakeFiles/Ctrl-Step-STM32-fw.elf.dir/Drivers/STM32F1xx_HAL_Driver/Src/stm32f1xx_hal_adc.c.obj
                0x0800416c                HAL_ADC_Start_DMA
 .text.ADC_ConversionStop_Disable
                0x0800429c       0x56 CMakeFiles/Ctrl-Step-STM32-fw.elf.dir/Drivers/STM32F1xx_HAL_Driver/Src/stm32f1xx_hal_adc.c.obj
                0x0800429c                ADC_ConversionStop_Disable
 *fill*         0x080042f2        0x2 
 .text.HAL_ADC_Init
                0x080042f4      0x108 CMakeFiles/Ctrl-Step-STM32-fw.elf.dir/Drivers/STM32F1xx_HAL_Driver/Src/stm32f1xx_hal_adc.c.obj
                0x080042f4                HAL_ADC_Init
 .text.HAL_ADCEx_Calibration_Start
                0x080043fc      0x100 CMakeFiles/Ctrl-Step-STM32-fw.elf.dir/Drivers/STM32F1xx_HAL_Driver/Src/stm32f1xx_hal_adc_ex.c.obj
                0x080043fc                HAL_ADCEx_Calibration_Start
 .text.HAL_CAN_Init
                0x080044fc      0x14c CMakeFiles/Ctrl-Step-STM32-fw.elf.dir/Drivers/STM32F1xx_HAL_Driver/Src/stm32f1xx_hal_can.c.obj
                0x080044fc                HAL_CAN_Init
 .text.HAL_CAN_ConfigFilter
                0x08004648      0x10c CMakeFiles/Ctrl-Step-STM32-fw.elf.dir/Drivers/STM32F1xx_HAL_Driver/Src/stm32f1xx_hal_can.c.obj
                0x08004648                HAL_CAN_ConfigFilter
 .text.HAL_CAN_Start
                0x08004754       0x5c CMakeFiles/Ctrl-Step-STM32-fw.elf.dir/Drivers/STM32F1xx_HAL_Driver/Src/stm32f1xx_hal_can.c.obj
                0x08004754                HAL_CAN_Start
 .text.HAL_CAN_AddTxMessage
                0x080047b0       0xfc CMakeFiles/Ctrl-Step-STM32-fw.elf.dir/Drivers/STM32F1xx_HAL_Driver/Src/stm32f1xx_hal_can.c.obj
                0x080047b0                HAL_CAN_AddTxMessage
 .text.HAL_CAN_GetRxMessage
                0x080048ac      0x156 CMakeFiles/Ctrl-Step-STM32-fw.elf.dir/Drivers/STM32F1xx_HAL_Driver/Src/stm32f1xx_hal_can.c.obj
                0x080048ac                HAL_CAN_GetRxMessage
 .text.HAL_CAN_ActivateNotification
                0x08004a02       0x24 CMakeFiles/Ctrl-Step-STM32-fw.elf.dir/Drivers/STM32F1xx_HAL_Driver/Src/stm32f1xx_hal_can.c.obj
                0x08004a02                HAL_CAN_ActivateNotification
 .text.HAL_CAN_TxMailbox0CompleteCallback
                0x08004a26        0x2 CMakeFiles/Ctrl-Step-STM32-fw.elf.dir/Drivers/STM32F1xx_HAL_Driver/Src/stm32f1xx_hal_can.c.obj
                0x08004a26                HAL_CAN_TxMailbox0CompleteCallback
 .text.HAL_CAN_TxMailbox1CompleteCallback
                0x08004a28        0x2 CMakeFiles/Ctrl-Step-STM32-fw.elf.dir/Drivers/STM32F1xx_HAL_Driver/Src/stm32f1xx_hal_can.c.obj
                0x08004a28                HAL_CAN_TxMailbox1CompleteCallback
 .text.HAL_CAN_TxMailbox2CompleteCallback
                0x08004a2a        0x2 CMakeFiles/Ctrl-Step-STM32-fw.elf.dir/Drivers/STM32F1xx_HAL_Driver/Src/stm32f1xx_hal_can.c.obj
                0x08004a2a                HAL_CAN_TxMailbox2CompleteCallback
 .text.HAL_CAN_TxMailbox0AbortCallback
                0x08004a2c        0x2 CMakeFiles/Ctrl-Step-STM32-fw.elf.dir/Drivers/STM32F1xx_HAL_Driver/Src/stm32f1xx_hal_can.c.obj
                0x08004a2c                HAL_CAN_TxMailbox0AbortCallback
 .text.HAL_CAN_TxMailbox1AbortCallback
                0x08004a2e        0x2 CMakeFiles/Ctrl-Step-STM32-fw.elf.dir/Drivers/STM32F1xx_HAL_Driver/Src/stm32f1xx_hal_can.c.obj
                0x08004a2e                HAL_CAN_TxMailbox1AbortCallback
 .text.HAL_CAN_TxMailbox2AbortCallback
                0x08004a30        0x2 CMakeFiles/Ctrl-Step-STM32-fw.elf.dir/Drivers/STM32F1xx_HAL_Driver/Src/stm32f1xx_hal_can.c.obj
                0x08004a30                HAL_CAN_TxMailbox2AbortCallback
 .text.HAL_CAN_RxFifo0FullCallback
                0x08004a32        0x2 CMakeFiles/Ctrl-Step-STM32-fw.elf.dir/Drivers/STM32F1xx_HAL_Driver/Src/stm32f1xx_hal_can.c.obj
                0x08004a32                HAL_CAN_RxFifo0FullCallback
 .text.HAL_CAN_RxFifo1MsgPendingCallback
                0x08004a34        0x2 CMakeFiles/Ctrl-Step-STM32-fw.elf.dir/Drivers/STM32F1xx_HAL_Driver/Src/stm32f1xx_hal_can.c.obj
                0x08004a34                HAL_CAN_RxFifo1MsgPendingCallback
 .text.HAL_CAN_RxFifo1FullCallback
                0x08004a36        0x2 CMakeFiles/Ctrl-Step-STM32-fw.elf.dir/Drivers/STM32F1xx_HAL_Driver/Src/stm32f1xx_hal_can.c.obj
                0x08004a36                HAL_CAN_RxFifo1FullCallback
 .text.HAL_CAN_SleepCallback
                0x08004a38        0x2 CMakeFiles/Ctrl-Step-STM32-fw.elf.dir/Drivers/STM32F1xx_HAL_Driver/Src/stm32f1xx_hal_can.c.obj
                0x08004a38                HAL_CAN_SleepCallback
 .text.HAL_CAN_WakeUpFromRxMsgCallback
                0x08004a3a        0x2 CMakeFiles/Ctrl-Step-STM32-fw.elf.dir/Drivers/STM32F1xx_HAL_Driver/Src/stm32f1xx_hal_can.c.obj
                0x08004a3a                HAL_CAN_WakeUpFromRxMsgCallback
 .text.HAL_CAN_ErrorCallback
                0x08004a3c        0x2 CMakeFiles/Ctrl-Step-STM32-fw.elf.dir/Drivers/STM32F1xx_HAL_Driver/Src/stm32f1xx_hal_can.c.obj
                0x08004a3c                HAL_CAN_ErrorCallback
 .text.HAL_CAN_IRQHandler
                0x08004a3e      0x24a CMakeFiles/Ctrl-Step-STM32-fw.elf.dir/Drivers/STM32F1xx_HAL_Driver/Src/stm32f1xx_hal_can.c.obj
                0x08004a3e                HAL_CAN_IRQHandler
 .text.__NVIC_SetPriority
                0x08004c88       0x28 CMakeFiles/Ctrl-Step-STM32-fw.elf.dir/Drivers/STM32F1xx_HAL_Driver/Src/stm32f1xx_hal_cortex.c.obj
 .text.NVIC_EncodePriority
                0x08004cb0       0x3e CMakeFiles/Ctrl-Step-STM32-fw.elf.dir/Drivers/STM32F1xx_HAL_Driver/Src/stm32f1xx_hal_cortex.c.obj
 *fill*         0x08004cee        0x2 
 .text.__NVIC_SystemReset
                0x08004cf0       0x24 CMakeFiles/Ctrl-Step-STM32-fw.elf.dir/Drivers/STM32F1xx_HAL_Driver/Src/stm32f1xx_hal_cortex.c.obj
 .text.HAL_NVIC_SetPriorityGrouping
                0x08004d14       0x24 CMakeFiles/Ctrl-Step-STM32-fw.elf.dir/Drivers/STM32F1xx_HAL_Driver/Src/stm32f1xx_hal_cortex.c.obj
                0x08004d14                HAL_NVIC_SetPriorityGrouping
 .text.HAL_NVIC_SetPriority
                0x08004d38       0x20 CMakeFiles/Ctrl-Step-STM32-fw.elf.dir/Drivers/STM32F1xx_HAL_Driver/Src/stm32f1xx_hal_cortex.c.obj
                0x08004d38                HAL_NVIC_SetPriority
 .text.HAL_NVIC_EnableIRQ
                0x08004d58       0x1c CMakeFiles/Ctrl-Step-STM32-fw.elf.dir/Drivers/STM32F1xx_HAL_Driver/Src/stm32f1xx_hal_cortex.c.obj
                0x08004d58                HAL_NVIC_EnableIRQ
 .text.HAL_NVIC_SystemReset
                0x08004d74        0x6 CMakeFiles/Ctrl-Step-STM32-fw.elf.dir/Drivers/STM32F1xx_HAL_Driver/Src/stm32f1xx_hal_cortex.c.obj
                0x08004d74                HAL_NVIC_SystemReset
 *fill*         0x08004d7a        0x2 
 .text.HAL_SYSTICK_Config
                0x08004d7c       0x28 CMakeFiles/Ctrl-Step-STM32-fw.elf.dir/Drivers/STM32F1xx_HAL_Driver/Src/stm32f1xx_hal_cortex.c.obj
                0x08004d7c                HAL_SYSTICK_Config
 .text.DMA_SetConfig
                0x08004da4       0x2c CMakeFiles/Ctrl-Step-STM32-fw.elf.dir/Drivers/STM32F1xx_HAL_Driver/Src/stm32f1xx_hal_dma.c.obj
 .text.HAL_DMA_Init
                0x08004dd0       0x6c CMakeFiles/Ctrl-Step-STM32-fw.elf.dir/Drivers/STM32F1xx_HAL_Driver/Src/stm32f1xx_hal_dma.c.obj
                0x08004dd0                HAL_DMA_Init
 .text.HAL_DMA_Start_IT
                0x08004e3c       0x74 CMakeFiles/Ctrl-Step-STM32-fw.elf.dir/Drivers/STM32F1xx_HAL_Driver/Src/stm32f1xx_hal_dma.c.obj
                0x08004e3c                HAL_DMA_Start_IT
 .text.HAL_DMA_Abort
                0x08004eb0       0x44 CMakeFiles/Ctrl-Step-STM32-fw.elf.dir/Drivers/STM32F1xx_HAL_Driver/Src/stm32f1xx_hal_dma.c.obj
                0x08004eb0                HAL_DMA_Abort
 .text.HAL_DMA_Abort_IT
                0x08004ef4       0x98 CMakeFiles/Ctrl-Step-STM32-fw.elf.dir/Drivers/STM32F1xx_HAL_Driver/Src/stm32f1xx_hal_dma.c.obj
                0x08004ef4                HAL_DMA_Abort_IT
 .text.HAL_DMA_IRQHandler
                0x08004f8c      0x144 CMakeFiles/Ctrl-Step-STM32-fw.elf.dir/Drivers/STM32F1xx_HAL_Driver/Src/stm32f1xx_hal_dma.c.obj
                0x08004f8c                HAL_DMA_IRQHandler
 .text.FLASH_Program_HalfWord
                0x080050d0       0x1c CMakeFiles/Ctrl-Step-STM32-fw.elf.dir/Drivers/STM32F1xx_HAL_Driver/Src/stm32f1xx_hal_flash.c.obj
 .text.FLASH_SetErrorCode
                0x080050ec       0x70 CMakeFiles/Ctrl-Step-STM32-fw.elf.dir/Drivers/STM32F1xx_HAL_Driver/Src/stm32f1xx_hal_flash.c.obj
 .text.HAL_FLASH_Unlock
                0x0800515c       0x34 CMakeFiles/Ctrl-Step-STM32-fw.elf.dir/Drivers/STM32F1xx_HAL_Driver/Src/stm32f1xx_hal_flash.c.obj
                0x0800515c                HAL_FLASH_Unlock
 .text.HAL_FLASH_Lock
                0x08005190       0x14 CMakeFiles/Ctrl-Step-STM32-fw.elf.dir/Drivers/STM32F1xx_HAL_Driver/Src/stm32f1xx_hal_flash.c.obj
                0x08005190                HAL_FLASH_Lock
 .text.FLASH_WaitForLastOperation
                0x080051a4       0x68 CMakeFiles/Ctrl-Step-STM32-fw.elf.dir/Drivers/STM32F1xx_HAL_Driver/Src/stm32f1xx_hal_flash.c.obj
                0x080051a4                FLASH_WaitForLastOperation
 .text.HAL_FLASH_Program
                0x0800520c       0xa0 CMakeFiles/Ctrl-Step-STM32-fw.elf.dir/Drivers/STM32F1xx_HAL_Driver/Src/stm32f1xx_hal_flash.c.obj
                0x0800520c                HAL_FLASH_Program
 .text.FLASH_MassErase
                0x080052ac       0x24 CMakeFiles/Ctrl-Step-STM32-fw.elf.dir/Drivers/STM32F1xx_HAL_Driver/Src/stm32f1xx_hal_flash_ex.c.obj
 .text.FLASH_PageErase
                0x080052d0       0x24 CMakeFiles/Ctrl-Step-STM32-fw.elf.dir/Drivers/STM32F1xx_HAL_Driver/Src/stm32f1xx_hal_flash_ex.c.obj
                0x080052d0                FLASH_PageErase
 .text.HAL_FLASHEx_Erase
                0x080052f4       0xa4 CMakeFiles/Ctrl-Step-STM32-fw.elf.dir/Drivers/STM32F1xx_HAL_Driver/Src/stm32f1xx_hal_flash_ex.c.obj
                0x080052f4                HAL_FLASHEx_Erase
 .text.HAL_GPIO_Init
                0x08005398      0x21c CMakeFiles/Ctrl-Step-STM32-fw.elf.dir/Drivers/STM32F1xx_HAL_Driver/Src/stm32f1xx_hal_gpio.c.obj
                0x08005398                HAL_GPIO_Init
 .text.HAL_GPIO_ReadPin
                0x080055b4        0xe CMakeFiles/Ctrl-Step-STM32-fw.elf.dir/Drivers/STM32F1xx_HAL_Driver/Src/stm32f1xx_hal_gpio.c.obj
                0x080055b4                HAL_GPIO_ReadPin
 .text.HAL_GPIO_WritePin
                0x080055c2        0xc CMakeFiles/Ctrl-Step-STM32-fw.elf.dir/Drivers/STM32F1xx_HAL_Driver/Src/stm32f1xx_hal_gpio.c.obj
                0x080055c2                HAL_GPIO_WritePin
 *fill*         0x080055ce        0x2 
 .text.RCC_Delay
                0x080055d0       0x2c CMakeFiles/Ctrl-Step-STM32-fw.elf.dir/Drivers/STM32F1xx_HAL_Driver/Src/stm32f1xx_hal_rcc.c.obj
 .text.HAL_RCC_OscConfig
                0x080055fc      0x410 CMakeFiles/Ctrl-Step-STM32-fw.elf.dir/Drivers/STM32F1xx_HAL_Driver/Src/stm32f1xx_hal_rcc.c.obj
                0x080055fc                HAL_RCC_OscConfig
 .text.HAL_RCC_GetSysClockFreq
                0x08005a0c       0x7c CMakeFiles/Ctrl-Step-STM32-fw.elf.dir/Drivers/STM32F1xx_HAL_Driver/Src/stm32f1xx_hal_rcc.c.obj
                0x08005a0c                HAL_RCC_GetSysClockFreq
 .text.HAL_RCC_ClockConfig
                0x08005a88      0x16c CMakeFiles/Ctrl-Step-STM32-fw.elf.dir/Drivers/STM32F1xx_HAL_Driver/Src/stm32f1xx_hal_rcc.c.obj
                0x08005a88                HAL_RCC_ClockConfig
 .text.HAL_RCC_GetHCLKFreq
                0x08005bf4        0xc CMakeFiles/Ctrl-Step-STM32-fw.elf.dir/Drivers/STM32F1xx_HAL_Driver/Src/stm32f1xx_hal_rcc.c.obj
                0x08005bf4                HAL_RCC_GetHCLKFreq
 .text.HAL_RCC_GetPCLK1Freq
                0x08005c00       0x20 CMakeFiles/Ctrl-Step-STM32-fw.elf.dir/Drivers/STM32F1xx_HAL_Driver/Src/stm32f1xx_hal_rcc.c.obj
                0x08005c00                HAL_RCC_GetPCLK1Freq
 .text.HAL_RCC_GetPCLK2Freq
                0x08005c20       0x20 CMakeFiles/Ctrl-Step-STM32-fw.elf.dir/Drivers/STM32F1xx_HAL_Driver/Src/stm32f1xx_hal_rcc.c.obj
                0x08005c20                HAL_RCC_GetPCLK2Freq
 .text.HAL_RCCEx_PeriphCLKConfig
                0x08005c40      0x118 CMakeFiles/Ctrl-Step-STM32-fw.elf.dir/Drivers/STM32F1xx_HAL_Driver/Src/stm32f1xx_hal_rcc_ex.c.obj
                0x08005c40                HAL_RCCEx_PeriphCLKConfig
 .text.HAL_RCCEx_GetPeriphCLKFreq
                0x08005d58      0x100 CMakeFiles/Ctrl-Step-STM32-fw.elf.dir/Drivers/STM32F1xx_HAL_Driver/Src/stm32f1xx_hal_rcc_ex.c.obj
                0x08005d58                HAL_RCCEx_GetPeriphCLKFreq
 .text.SPI_WaitFlagStateUntilTimeout
                0x08005e58       0xc8 CMakeFiles/Ctrl-Step-STM32-fw.elf.dir/Drivers/STM32F1xx_HAL_Driver/Src/stm32f1xx_hal_spi.c.obj
 .text.SPI_EndRxTxTransaction
                0x08005f20       0x24 CMakeFiles/Ctrl-Step-STM32-fw.elf.dir/Drivers/STM32F1xx_HAL_Driver/Src/stm32f1xx_hal_spi.c.obj
 .text.HAL_SPI_Init
                0x08005f44       0xb6 CMakeFiles/Ctrl-Step-STM32-fw.elf.dir/Drivers/STM32F1xx_HAL_Driver/Src/stm32f1xx_hal_spi.c.obj
                0x08005f44                HAL_SPI_Init
 .text.HAL_SPI_TransmitReceive
                0x08005ffa      0x238 CMakeFiles/Ctrl-Step-STM32-fw.elf.dir/Drivers/STM32F1xx_HAL_Driver/Src/stm32f1xx_hal_spi.c.obj
                0x08005ffa                HAL_SPI_TransmitReceive
 *fill*         0x08006232        0x2 
 .text.TIM_OC1_SetConfig
                0x08006234       0x54 CMakeFiles/Ctrl-Step-STM32-fw.elf.dir/Drivers/STM32F1xx_HAL_Driver/Src/stm32f1xx_hal_tim.c.obj
 .text.TIM_OC3_SetConfig
                0x08006288       0x5c CMakeFiles/Ctrl-Step-STM32-fw.elf.dir/Drivers/STM32F1xx_HAL_Driver/Src/stm32f1xx_hal_tim.c.obj
 .text.TIM_OC4_SetConfig
                0x080062e4       0x48 CMakeFiles/Ctrl-Step-STM32-fw.elf.dir/Drivers/STM32F1xx_HAL_Driver/Src/stm32f1xx_hal_tim.c.obj
 .text.TIM_TI1_ConfigInputStage
                0x0800632c       0x24 CMakeFiles/Ctrl-Step-STM32-fw.elf.dir/Drivers/STM32F1xx_HAL_Driver/Src/stm32f1xx_hal_tim.c.obj
 .text.TIM_TI2_SetConfig
                0x08006350       0x36 CMakeFiles/Ctrl-Step-STM32-fw.elf.dir/Drivers/STM32F1xx_HAL_Driver/Src/stm32f1xx_hal_tim.c.obj
 .text.TIM_TI2_ConfigInputStage
                0x08006386       0x26 CMakeFiles/Ctrl-Step-STM32-fw.elf.dir/Drivers/STM32F1xx_HAL_Driver/Src/stm32f1xx_hal_tim.c.obj
 .text.TIM_TI3_SetConfig
                0x080063ac       0x36 CMakeFiles/Ctrl-Step-STM32-fw.elf.dir/Drivers/STM32F1xx_HAL_Driver/Src/stm32f1xx_hal_tim.c.obj
 .text.TIM_TI4_SetConfig
                0x080063e2       0x36 CMakeFiles/Ctrl-Step-STM32-fw.elf.dir/Drivers/STM32F1xx_HAL_Driver/Src/stm32f1xx_hal_tim.c.obj
 .text.TIM_ITRx_SetConfig
                0x08006418       0x10 CMakeFiles/Ctrl-Step-STM32-fw.elf.dir/Drivers/STM32F1xx_HAL_Driver/Src/stm32f1xx_hal_tim.c.obj
 .text.HAL_TIM_Base_Start_IT
                0x08006428       0x68 CMakeFiles/Ctrl-Step-STM32-fw.elf.dir/Drivers/STM32F1xx_HAL_Driver/Src/stm32f1xx_hal_tim.c.obj
                0x08006428                HAL_TIM_Base_Start_IT
 .text.HAL_TIM_IC_MspInit
                0x08006490        0x2 CMakeFiles/Ctrl-Step-STM32-fw.elf.dir/Drivers/STM32F1xx_HAL_Driver/Src/stm32f1xx_hal_tim.c.obj
                0x08006490                HAL_TIM_IC_MspInit
 *fill*         0x08006492        0x2 
 .text.TIM_Base_SetConfig
                0x08006494       0x74 CMakeFiles/Ctrl-Step-STM32-fw.elf.dir/Drivers/STM32F1xx_HAL_Driver/Src/stm32f1xx_hal_tim.c.obj
                0x08006494                TIM_Base_SetConfig
 .text.HAL_TIM_Base_Init
                0x08006508       0x58 CMakeFiles/Ctrl-Step-STM32-fw.elf.dir/Drivers/STM32F1xx_HAL_Driver/Src/stm32f1xx_hal_tim.c.obj
                0x08006508                HAL_TIM_Base_Init
 .text.HAL_TIM_PWM_Init
                0x08006560       0x58 CMakeFiles/Ctrl-Step-STM32-fw.elf.dir/Drivers/STM32F1xx_HAL_Driver/Src/stm32f1xx_hal_tim.c.obj
                0x08006560                HAL_TIM_PWM_Init
 .text.HAL_TIM_IC_Init
                0x080065b8       0x58 CMakeFiles/Ctrl-Step-STM32-fw.elf.dir/Drivers/STM32F1xx_HAL_Driver/Src/stm32f1xx_hal_tim.c.obj
                0x080065b8                HAL_TIM_IC_Init
 .text.TIM_OC2_SetConfig
                0x08006610       0x5c CMakeFiles/Ctrl-Step-STM32-fw.elf.dir/Drivers/STM32F1xx_HAL_Driver/Src/stm32f1xx_hal_tim.c.obj
                0x08006610                TIM_OC2_SetConfig
 .text.HAL_TIM_PWM_ConfigChannel
                0x0800666c       0xd0 CMakeFiles/Ctrl-Step-STM32-fw.elf.dir/Drivers/STM32F1xx_HAL_Driver/Src/stm32f1xx_hal_tim.c.obj
                0x0800666c                HAL_TIM_PWM_ConfigChannel
 .text.TIM_TI1_SetConfig
                0x0800673c       0x58 CMakeFiles/Ctrl-Step-STM32-fw.elf.dir/Drivers/STM32F1xx_HAL_Driver/Src/stm32f1xx_hal_tim.c.obj
                0x0800673c                TIM_TI1_SetConfig
 .text.HAL_TIM_IC_ConfigChannel
                0x08006794       0xb4 CMakeFiles/Ctrl-Step-STM32-fw.elf.dir/Drivers/STM32F1xx_HAL_Driver/Src/stm32f1xx_hal_tim.c.obj
                0x08006794                HAL_TIM_IC_ConfigChannel
 .text.TIM_ETR_SetConfig
                0x08006848       0x18 CMakeFiles/Ctrl-Step-STM32-fw.elf.dir/Drivers/STM32F1xx_HAL_Driver/Src/stm32f1xx_hal_tim.c.obj
                0x08006848                TIM_ETR_SetConfig
 .text.HAL_TIM_ConfigClockSource
                0x08006860       0xda CMakeFiles/Ctrl-Step-STM32-fw.elf.dir/Drivers/STM32F1xx_HAL_Driver/Src/stm32f1xx_hal_tim.c.obj
                0x08006860                HAL_TIM_ConfigClockSource
 .text.TIM_SlaveTimer_SetConfig
                0x0800693a       0x8e CMakeFiles/Ctrl-Step-STM32-fw.elf.dir/Drivers/STM32F1xx_HAL_Driver/Src/stm32f1xx_hal_tim.c.obj
 .text.HAL_TIM_SlaveConfigSynchro
                0x080069c8       0x52 CMakeFiles/Ctrl-Step-STM32-fw.elf.dir/Drivers/STM32F1xx_HAL_Driver/Src/stm32f1xx_hal_tim.c.obj
                0x080069c8                HAL_TIM_SlaveConfigSynchro
 .text.TIM_CCxChannelCmd
                0x08006a1a       0x1e CMakeFiles/Ctrl-Step-STM32-fw.elf.dir/Drivers/STM32F1xx_HAL_Driver/Src/stm32f1xx_hal_tim.c.obj
                0x08006a1a                TIM_CCxChannelCmd
 .text.HAL_TIM_PWM_Start
                0x08006a38       0xdc CMakeFiles/Ctrl-Step-STM32-fw.elf.dir/Drivers/STM32F1xx_HAL_Driver/Src/stm32f1xx_hal_tim.c.obj
                0x08006a38                HAL_TIM_PWM_Start
 .text.HAL_TIMEx_MasterConfigSynchronization
                0x08006b14       0x6c CMakeFiles/Ctrl-Step-STM32-fw.elf.dir/Drivers/STM32F1xx_HAL_Driver/Src/stm32f1xx_hal_tim_ex.c.obj
                0x08006b14                HAL_TIMEx_MasterConfigSynchronization
 .text.UART_EndTxTransfer
                0x08006b80       0x12 CMakeFiles/Ctrl-Step-STM32-fw.elf.dir/Drivers/STM32F1xx_HAL_Driver/Src/stm32f1xx_hal_uart.c.obj
 .text.UART_EndRxTransfer
                0x08006b92       0x32 CMakeFiles/Ctrl-Step-STM32-fw.elf.dir/Drivers/STM32F1xx_HAL_Driver/Src/stm32f1xx_hal_uart.c.obj
 .text.UART_Transmit_IT
                0x08006bc4       0x60 CMakeFiles/Ctrl-Step-STM32-fw.elf.dir/Drivers/STM32F1xx_HAL_Driver/Src/stm32f1xx_hal_uart.c.obj
 .text.UART_SetConfig
                0x08006c24       0x94 CMakeFiles/Ctrl-Step-STM32-fw.elf.dir/Drivers/STM32F1xx_HAL_Driver/Src/stm32f1xx_hal_uart.c.obj
 .text.UART_WaitOnFlagUntilTimeout
                0x08006cb8       0x68 CMakeFiles/Ctrl-Step-STM32-fw.elf.dir/Drivers/STM32F1xx_HAL_Driver/Src/stm32f1xx_hal_uart.c.obj
 .text.HAL_UART_Init
                0x08006d20       0x5e CMakeFiles/Ctrl-Step-STM32-fw.elf.dir/Drivers/STM32F1xx_HAL_Driver/Src/stm32f1xx_hal_uart.c.obj
                0x08006d20                HAL_UART_Init
 .text.HAL_UART_Transmit
                0x08006d7e       0xd8 CMakeFiles/Ctrl-Step-STM32-fw.elf.dir/Drivers/STM32F1xx_HAL_Driver/Src/stm32f1xx_hal_uart.c.obj
                0x08006d7e                HAL_UART_Transmit
 .text.HAL_UART_Receive
                0x08006e56       0xe4 CMakeFiles/Ctrl-Step-STM32-fw.elf.dir/Drivers/STM32F1xx_HAL_Driver/Src/stm32f1xx_hal_uart.c.obj
                0x08006e56                HAL_UART_Receive
 .text.HAL_UART_DMAStop
                0x08006f3a       0x64 CMakeFiles/Ctrl-Step-STM32-fw.elf.dir/Drivers/STM32F1xx_HAL_Driver/Src/stm32f1xx_hal_uart.c.obj
                0x08006f3a                HAL_UART_DMAStop
 .text.HAL_UART_TxCpltCallback
                0x08006f9e        0x2 CMakeFiles/Ctrl-Step-STM32-fw.elf.dir/Drivers/STM32F1xx_HAL_Driver/Src/stm32f1xx_hal_uart.c.obj
                0x08006f9e                HAL_UART_TxCpltCallback
 .text.UART_EndTransmit_IT
                0x08006fa0       0x1a CMakeFiles/Ctrl-Step-STM32-fw.elf.dir/Drivers/STM32F1xx_HAL_Driver/Src/stm32f1xx_hal_uart.c.obj
 .text.HAL_UART_RxCpltCallback
                0x08006fba        0x2 CMakeFiles/Ctrl-Step-STM32-fw.elf.dir/Drivers/STM32F1xx_HAL_Driver/Src/stm32f1xx_hal_uart.c.obj
                0x08006fba                HAL_UART_RxCpltCallback
 .text.HAL_UART_RxHalfCpltCallback
                0x08006fbc        0x2 CMakeFiles/Ctrl-Step-STM32-fw.elf.dir/Drivers/STM32F1xx_HAL_Driver/Src/stm32f1xx_hal_uart.c.obj
                0x08006fbc                HAL_UART_RxHalfCpltCallback
 .text.HAL_UART_ErrorCallback
                0x08006fbe        0x2 CMakeFiles/Ctrl-Step-STM32-fw.elf.dir/Drivers/STM32F1xx_HAL_Driver/Src/stm32f1xx_hal_uart.c.obj
                0x08006fbe                HAL_UART_ErrorCallback
 .text.UART_DMAError
                0x08006fc0       0x58 CMakeFiles/Ctrl-Step-STM32-fw.elf.dir/Drivers/STM32F1xx_HAL_Driver/Src/stm32f1xx_hal_uart.c.obj
 .text.UART_DMAAbortOnError
                0x08007018       0x10 CMakeFiles/Ctrl-Step-STM32-fw.elf.dir/Drivers/STM32F1xx_HAL_Driver/Src/stm32f1xx_hal_uart.c.obj
 .text.HAL_UARTEx_RxEventCallback
                0x08007028        0x2 CMakeFiles/Ctrl-Step-STM32-fw.elf.dir/Drivers/STM32F1xx_HAL_Driver/Src/stm32f1xx_hal_uart.c.obj
                0x08007028                HAL_UARTEx_RxEventCallback
 .text.UART_Receive_IT
                0x0800702a       0xd4 CMakeFiles/Ctrl-Step-STM32-fw.elf.dir/Drivers/STM32F1xx_HAL_Driver/Src/stm32f1xx_hal_uart.c.obj
 *fill*         0x080070fe        0x2 
 .text.HAL_UART_IRQHandler
                0x08007100      0x200 CMakeFiles/Ctrl-Step-STM32-fw.elf.dir/Drivers/STM32F1xx_HAL_Driver/Src/stm32f1xx_hal_uart.c.obj
                0x08007100                HAL_UART_IRQHandler
 .text.UART_DMARxHalfCplt
                0x08007300       0x1a CMakeFiles/Ctrl-Step-STM32-fw.elf.dir/Drivers/STM32F1xx_HAL_Driver/Src/stm32f1xx_hal_uart.c.obj
 .text.UART_DMAReceiveCplt
                0x0800731a       0x5e CMakeFiles/Ctrl-Step-STM32-fw.elf.dir/Drivers/STM32F1xx_HAL_Driver/Src/stm32f1xx_hal_uart.c.obj
 .text.UART_Start_Receive_DMA
                0x08007378       0x78 CMakeFiles/Ctrl-Step-STM32-fw.elf.dir/Drivers/STM32F1xx_HAL_Driver/Src/stm32f1xx_hal_uart.c.obj
                0x08007378                UART_Start_Receive_DMA
 .text.HAL_UART_Receive_DMA
                0x080073f0       0x38 CMakeFiles/Ctrl-Step-STM32-fw.elf.dir/Drivers/STM32F1xx_HAL_Driver/Src/stm32f1xx_hal_uart.c.obj
                0x080073f0                HAL_UART_Receive_DMA
 .text.eeprom_buffered_read_byte
                0x08007428        0xc CMakeFiles/Ctrl-Step-STM32-fw.elf.dir/Port/Platform/Memory/emulated_eeprom.cpp.obj
                0x08007428                eeprom_buffered_read_byte
 .text.eeprom_buffered_write_byte
                0x08007434        0xc CMakeFiles/Ctrl-Step-STM32-fw.elf.dir/Port/Platform/Memory/emulated_eeprom.cpp.obj
                0x08007434                eeprom_buffered_write_byte
 .text.eeprom_buffer_fill
                0x08007440       0x18 CMakeFiles/Ctrl-Step-STM32-fw.elf.dir/Port/Platform/Memory/emulated_eeprom.cpp.obj
                0x08007440                eeprom_buffer_fill
 .text.eeprom_buffer_flush
                0x08007458       0x68 CMakeFiles/Ctrl-Step-STM32-fw.elf.dir/Port/Platform/Memory/emulated_eeprom.cpp.obj
                0x08007458                eeprom_buffer_flush
 .text.Stockpile_Flash_Data_Empty
                0x080074c0       0x4c CMakeFiles/Ctrl-Step-STM32-fw.elf.dir/Port/Platform/Memory/stockpile_f103cb.c.obj
                0x080074c0                Stockpile_Flash_Data_Empty
 .text.Stockpile_Flash_Data_Begin
                0x0800750c        0xe CMakeFiles/Ctrl-Step-STM32-fw.elf.dir/Port/Platform/Memory/stockpile_f103cb.c.obj
                0x0800750c                Stockpile_Flash_Data_Begin
 .text.Stockpile_Flash_Data_End
                0x0800751a        0x8 CMakeFiles/Ctrl-Step-STM32-fw.elf.dir/Port/Platform/Memory/stockpile_f103cb.c.obj
                0x0800751a                Stockpile_Flash_Data_End
 .text.Stockpile_Flash_Data_Write_Data16
                0x08007522       0x42 CMakeFiles/Ctrl-Step-STM32-fw.elf.dir/Port/Platform/Memory/stockpile_f103cb.c.obj
                0x08007522                Stockpile_Flash_Data_Write_Data16
 .text.GetSerialNumber
                0x08007564       0x1c CMakeFiles/Ctrl-Step-STM32-fw.elf.dir/Port/Platform/Utils/st_hardware.c.obj
                0x08007564                GetSerialNumber
 .text.RetargetInit
                0x08007580       0x20 CMakeFiles/Ctrl-Step-STM32-fw.elf.dir/Port/Platform/retarget.c.obj
                0x08007580                RetargetInit
 .text._isatty  0x080075a0       0x16 CMakeFiles/Ctrl-Step-STM32-fw.elf.dir/Port/Platform/retarget.c.obj
                0x080075a0                _isatty
 *fill*         0x080075b6        0x2 
 .text._write   0x080075b8       0x28 CMakeFiles/Ctrl-Step-STM32-fw.elf.dir/Port/Platform/retarget.c.obj
                0x080075b8                _write
 .text._close   0x080075e0       0x18 CMakeFiles/Ctrl-Step-STM32-fw.elf.dir/Port/Platform/retarget.c.obj
                0x080075e0                _close
 .text._lseek   0x080075f8       0x10 CMakeFiles/Ctrl-Step-STM32-fw.elf.dir/Port/Platform/retarget.c.obj
                0x080075f8                _lseek
 .text._read    0x08007608       0x30 CMakeFiles/Ctrl-Step-STM32-fw.elf.dir/Port/Platform/retarget.c.obj
                0x08007608                _read
 .text._fstat   0x08007638       0x1a CMakeFiles/Ctrl-Step-STM32-fw.elf.dir/Port/Platform/retarget.c.obj
                0x08007638                _fstat
 *fill*         0x08007652        0x2 
 .text._ZN6Button15ReadButtonPinIOEh
                0x08007654       0x38 CMakeFiles/Ctrl-Step-STM32-fw.elf.dir/Port/button_stm32.cpp.obj
                0x08007654                Button::ReadButtonPinIO(unsigned char)
 .text._ZN6Button9IsPressedEv
                0x0800768c       0x12 CMakeFiles/Ctrl-Step-STM32-fw.elf.dir/Port/button_stm32.cpp.obj
                0x0800768c                Button::IsPressed()
 *fill*         0x0800769e        0x2 
 .text._ZN17EncoderCalibrator15BeginWriteFlashEv
                0x080076a0       0x10 CMakeFiles/Ctrl-Step-STM32-fw.elf.dir/Port/encoder_calibrator_stm32.cpp.obj
                0x080076a0                EncoderCalibrator::BeginWriteFlash()
 .text._ZN17EncoderCalibrator13EndWriteFlashEv
                0x080076b0       0x10 CMakeFiles/Ctrl-Step-STM32-fw.elf.dir/Port/encoder_calibrator_stm32.cpp.obj
                0x080076b0                EncoderCalibrator::EndWriteFlash()
 .text._ZN17EncoderCalibrator10ClearFlashEv
                0x080076c0       0x10 CMakeFiles/Ctrl-Step-STM32-fw.elf.dir/Port/encoder_calibrator_stm32.cpp.obj
                0x080076c0                EncoderCalibrator::ClearFlash()
 .text._ZN17EncoderCalibrator22WriteFlash16bitsAppendEt
                0x080076d0       0x20 CMakeFiles/Ctrl-Step-STM32-fw.elf.dir/Port/encoder_calibrator_stm32.cpp.obj
                0x080076d0                EncoderCalibrator::WriteFlash16bitsAppend(unsigned short)
 .text._ZN3Led11SetLedStateEhb
                0x080076f0       0x34 CMakeFiles/Ctrl-Step-STM32-fw.elf.dir/Port/led_stm32.cpp.obj
                0x080076f0                Led::SetLedState(unsigned char, bool)
 .text._ZN6MT68167SpiInitEv
                0x08007724        0x8 CMakeFiles/Ctrl-Step-STM32-fw.elf.dir/Port/mt6816_stm32.cpp.obj
                0x08007724                MT6816::SpiInit()
 .text._ZN6MT681624SpiTransmitAndRead16BitsEt
                0x0800772c       0x38 CMakeFiles/Ctrl-Step-STM32-fw.elf.dir/Port/mt6816_stm32.cpp.obj
                0x0800772c                MT6816::SpiTransmitAndRead16Bits(unsigned short)
 .text._ZN8TB67H45016DacOutputVoltageEtt
                0x08007764       0x14 CMakeFiles/Ctrl-Step-STM32-fw.elf.dir/Port/tb67h450_stm32.cpp.obj
                0x08007764                TB67H450::DacOutputVoltage(unsigned short, unsigned short)
 .text._ZN8TB67H4509SetInputAEbb
                0x08007778       0x28 CMakeFiles/Ctrl-Step-STM32-fw.elf.dir/Port/tb67h450_stm32.cpp.obj
                0x08007778                TB67H450::SetInputA(bool, bool)
 .text._ZN8TB67H4509SetInputBEbb
                0x080077a0       0x28 CMakeFiles/Ctrl-Step-STM32-fw.elf.dir/Port/tb67h450_stm32.cpp.obj
                0x080077a0                TB67H450::SetInputB(bool, bool)
 .text._ZN8TB67H4508InitGpioEv
                0x080077c8       0x64 CMakeFiles/Ctrl-Step-STM32-fw.elf.dir/Port/tb67h450_stm32.cpp.obj
                0x080077c8                TB67H450::InitGpio()
 .text._ZN8TB67H4507InitPwmEv
                0x0800782c        0x8 CMakeFiles/Ctrl-Step-STM32-fw.elf.dir/Port/tb67h450_stm32.cpp.obj
                0x0800782c                TB67H450::InitPwm()
 .text._Z14OnButton1EventN10ButtonBase5EventE
                0x08007834       0x54 CMakeFiles/Ctrl-Step-STM32-fw.elf.dir/UserApp/main.cpp.obj
                0x08007834                OnButton1Event(ButtonBase::Event)
 .text._Z14OnButton2EventN10ButtonBase5EventE
                0x08007888       0x60 CMakeFiles/Ctrl-Step-STM32-fw.elf.dir/UserApp/main.cpp.obj
                0x08007888                OnButton2Event(ButtonBase::Event)
 .text._ZN13MotionPlannerC2Ev
                0x080078e8       0x86 CMakeFiles/Ctrl-Step-STM32-fw.elf.dir/UserApp/main.cpp.obj
                0x080078e8                MotionPlanner::MotionPlanner()
                0x080078e8                MotionPlanner::MotionPlanner()
 .text._ZN5Motor10ControllerC2EPS_
                0x0800796e       0x4e CMakeFiles/Ctrl-Step-STM32-fw.elf.dir/UserApp/main.cpp.obj
                0x0800796e                Motor::Controller::Controller(Motor*)
                0x0800796e                Motor::Controller::Controller(Motor*)
 .text._ZN5MotorC2Ev
                0x080079bc       0xca CMakeFiles/Ctrl-Step-STM32-fw.elf.dir/UserApp/main.cpp.obj
                0x080079bc                Motor::Motor()
                0x080079bc                Motor::Motor()
 *fill*         0x08007a86        0x2 
 .text._ZN8TB67H450C2Ev
                0x08007a88       0x34 CMakeFiles/Ctrl-Step-STM32-fw.elf.dir/UserApp/main.cpp.obj
                0x08007a88                TB67H450::TB67H450()
                0x08007a88                TB67H450::TB67H450()
 .text._ZN21EncoderCalibratorBaseC2EP5Motor
                0x08007abc       0x54 CMakeFiles/Ctrl-Step-STM32-fw.elf.dir/UserApp/main.cpp.obj
                0x08007abc                EncoderCalibratorBase::EncoderCalibratorBase(Motor*)
                0x08007abc                EncoderCalibratorBase::EncoderCalibratorBase(Motor*)
 .text._Z41__static_initialization_and_destruction_0ii
                0x08007b10       0xc0 CMakeFiles/Ctrl-Step-STM32-fw.elf.dir/UserApp/main.cpp.obj
 .text.Tim1Callback100Hz
                0x08007bd0       0x8c CMakeFiles/Ctrl-Step-STM32-fw.elf.dir/UserApp/main.cpp.obj
                0x08007bd0                Tim1Callback100Hz
 .text.Tim4Callback20kHz
                0x08007c5c       0x30 CMakeFiles/Ctrl-Step-STM32-fw.elf.dir/UserApp/main.cpp.obj
                0x08007c5c                Tim4Callback20kHz
 .text._ZN6EEPROM3getI8Config_tEERT_iS3_
                0x08007c8c       0x3c CMakeFiles/Ctrl-Step-STM32-fw.elf.dir/UserApp/main.cpp.obj
                0x08007c8c                Config_t& EEPROM::get<Config_t>(int, Config_t&)
 .text._ZN6EEPROM3putI8Config_tEERKT_iS4_
                0x08007cc8       0x52 CMakeFiles/Ctrl-Step-STM32-fw.elf.dir/UserApp/main.cpp.obj
                0x08007cc8                Config_t const& EEPROM::put<Config_t>(int, Config_t const&)
 *fill*         0x08007d1a        0x2 
 .text.Main     0x08007d1c      0x1d0 CMakeFiles/Ctrl-Step-STM32-fw.elf.dir/UserApp/main.cpp.obj
                0x08007d1c                Main
 .text._GLOBAL__sub_I_boardConfig
                0x08007eec        0xe CMakeFiles/Ctrl-Step-STM32-fw.elf.dir/UserApp/main.cpp.obj
 *fill*         0x08007efa        0x2 
 .text.OnCanCmd
                0x08007efc      0x658 CMakeFiles/Ctrl-Step-STM32-fw.elf.dir/UserApp/protocols/interface_can.cpp.obj
                0x08007efc                OnCanCmd
 .text.OnUartCmd
                0x08008554      0x100 CMakeFiles/Ctrl-Step-STM32-fw.elf.dir/UserApp/protocols/interface_uart.cpp.obj
                0x08008554                OnUartCmd
 .text.Reset_Handler
                0x08008654       0x48 CMakeFiles/Ctrl-Step-STM32-fw.elf.dir/startup/startup_stm32f103xb.s.obj
                0x08008654                Reset_Handler
 .text.Default_Handler
                0x0800869c        0x2 CMakeFiles/Ctrl-Step-STM32-fw.elf.dir/startup/startup_stm32f103xb.s.obj
                0x0800869c                RTC_Alarm_IRQHandler
                0x0800869c                EXTI2_IRQHandler
                0x0800869c                TIM1_CC_IRQHandler
                0x0800869c                PVD_IRQHandler
                0x0800869c                EXTI3_IRQHandler
                0x0800869c                EXTI0_IRQHandler
                0x0800869c                I2C2_EV_IRQHandler
                0x0800869c                ADC1_2_IRQHandler
                0x0800869c                SPI1_IRQHandler
                0x0800869c                TAMPER_IRQHandler
                0x0800869c                USART3_IRQHandler
                0x0800869c                RTC_IRQHandler
                0x0800869c                DMA1_Channel7_IRQHandler
                0x0800869c                I2C1_EV_IRQHandler
                0x0800869c                DMA1_Channel6_IRQHandler
                0x0800869c                RCC_IRQHandler
                0x0800869c                TIM1_TRG_COM_IRQHandler
                0x0800869c                Default_Handler
                0x0800869c                EXTI15_10_IRQHandler
                0x0800869c                SPI2_IRQHandler
                0x0800869c                EXTI4_IRQHandler
                0x0800869c                DMA1_Channel3_IRQHandler
                0x0800869c                WWDG_IRQHandler
                0x0800869c                TIM2_IRQHandler
                0x0800869c                TIM1_BRK_IRQHandler
                0x0800869c                EXTI1_IRQHandler
                0x0800869c                USART2_IRQHandler
                0x0800869c                I2C2_ER_IRQHandler
                0x0800869c                DMA1_Channel2_IRQHandler
                0x0800869c                FLASH_IRQHandler
                0x0800869c                I2C1_ER_IRQHandler
                0x0800869c                USBWakeUp_IRQHandler
 *fill*         0x0800869e        0x2 
 .text._ZNK10__cxxabiv117__class_type_info11__do_upcastEPKS0_PPv
                0x080086a0       0x34 /usr/local/arm-gnu-toolchain-12.3.rel1-x86_64-arm-none-eabi/bin/../lib/gcc/arm-none-eabi/12.3.1/../../../../arm-none-eabi/lib/thumb/v7-m/nofp/libstdc++.a(class_type_info.o)
                0x080086a0                __cxxabiv1::__class_type_info::__do_upcast(__cxxabiv1::__class_type_info const*, void**) const
 .text._ZNK10__cxxabiv117__class_type_info20__do_find_public_srcEiPKvPKS0_S2_
                0x080086d4        0xc /usr/local/arm-gnu-toolchain-12.3.rel1-x86_64-arm-none-eabi/bin/../lib/gcc/arm-none-eabi/12.3.1/../../../../arm-none-eabi/lib/thumb/v7-m/nofp/libstdc++.a(class_type_info.o)
                0x080086d4                __cxxabiv1::__class_type_info::__do_find_public_src(int, void const*, __cxxabiv1::__class_type_info const*, void const*) const
 .text._ZN10__cxxabiv117__class_type_infoD2Ev
                0x080086e0       0x14 /usr/local/arm-gnu-toolchain-12.3.rel1-x86_64-arm-none-eabi/bin/../lib/gcc/arm-none-eabi/12.3.1/../../../../arm-none-eabi/lib/thumb/v7-m/nofp/libstdc++.a(class_type_info.o)
                0x080086e0                __cxxabiv1::__class_type_info::~__class_type_info()
                0x080086e0                __cxxabiv1::__class_type_info::~__class_type_info()
 .text._ZN10__cxxabiv117__class_type_infoD0Ev
                0x080086f4       0x1c /usr/local/arm-gnu-toolchain-12.3.rel1-x86_64-arm-none-eabi/bin/../lib/gcc/arm-none-eabi/12.3.1/../../../../arm-none-eabi/lib/thumb/v7-m/nofp/libstdc++.a(class_type_info.o)
                0x080086f4                __cxxabiv1::__class_type_info::~__class_type_info()
 .text._ZNK10__cxxabiv117__class_type_info12__do_dyncastEiNS0_10__sub_kindEPKS0_PKvS3_S5_RNS0_16__dyncast_resultE
                0x08008710       0x44 /usr/local/arm-gnu-toolchain-12.3.rel1-x86_64-arm-none-eabi/bin/../lib/gcc/arm-none-eabi/12.3.1/../../../../arm-none-eabi/lib/thumb/v7-m/nofp/libstdc++.a(class_type_info.o)
                0x08008710                __cxxabiv1::__class_type_info::__do_dyncast(int, __cxxabiv1::__class_type_info::__sub_kind, __cxxabiv1::__class_type_info const*, void const*, __cxxabiv1::__class_type_info const*, void const*, __cxxabiv1::__class_type_info::__dyncast_result&) const
 .text._ZNK10__cxxabiv117__class_type_info11__do_upcastEPKS0_PKvRNS0_15__upcast_resultE
                0x08008754       0x1c /usr/local/arm-gnu-toolchain-12.3.rel1-x86_64-arm-none-eabi/bin/../lib/gcc/arm-none-eabi/12.3.1/../../../../arm-none-eabi/lib/thumb/v7-m/nofp/libstdc++.a(class_type_info.o)
                0x08008754                __cxxabiv1::__class_type_info::__do_upcast(__cxxabiv1::__class_type_info const*, void const*, __cxxabiv1::__class_type_info::__upcast_result&) const
 .text._ZNK10__cxxabiv117__class_type_info10__do_catchEPKSt9type_infoPPvj
                0x08008770       0x2c /usr/local/arm-gnu-toolchain-12.3.rel1-x86_64-arm-none-eabi/bin/../lib/gcc/arm-none-eabi/12.3.1/../../../../arm-none-eabi/lib/thumb/v7-m/nofp/libstdc++.a(class_type_info.o)
                0x08008770                __cxxabiv1::__class_type_info::__do_catch(std::type_info const*, void**, unsigned int) const
 .text._ZdlPvj  0x0800879c        0x4 /usr/local/arm-gnu-toolchain-12.3.rel1-x86_64-arm-none-eabi/bin/../lib/gcc/arm-none-eabi/12.3.1/../../../../arm-none-eabi/lib/thumb/v7-m/nofp/libstdc++.a(del_ops.o)
                0x0800879c                operator delete(void*, unsigned int)
 .text._ZN10__cxxabiv120__si_class_type_infoD2Ev
                0x080087a0       0x14 /usr/local/arm-gnu-toolchain-12.3.rel1-x86_64-arm-none-eabi/bin/../lib/gcc/arm-none-eabi/12.3.1/../../../../arm-none-eabi/lib/thumb/v7-m/nofp/libstdc++.a(si_class_type_info.o)
                0x080087a0                __cxxabiv1::__si_class_type_info::~__si_class_type_info()
                0x080087a0                __cxxabiv1::__si_class_type_info::~__si_class_type_info()
 .text._ZN10__cxxabiv120__si_class_type_infoD0Ev
                0x080087b4       0x1c /usr/local/arm-gnu-toolchain-12.3.rel1-x86_64-arm-none-eabi/bin/../lib/gcc/arm-none-eabi/12.3.1/../../../../arm-none-eabi/lib/thumb/v7-m/nofp/libstdc++.a(si_class_type_info.o)
                0x080087b4                __cxxabiv1::__si_class_type_info::~__si_class_type_info()
 .text._ZNK10__cxxabiv120__si_class_type_info20__do_find_public_srcEiPKvPKNS_17__class_type_infoES2_
                0x080087d0       0x3c /usr/local/arm-gnu-toolchain-12.3.rel1-x86_64-arm-none-eabi/bin/../lib/gcc/arm-none-eabi/12.3.1/../../../../arm-none-eabi/lib/thumb/v7-m/nofp/libstdc++.a(si_class_type_info.o)
                0x080087d0                __cxxabiv1::__si_class_type_info::__do_find_public_src(int, void const*, __cxxabiv1::__class_type_info const*, void const*) const
 .text._ZNK10__cxxabiv120__si_class_type_info12__do_dyncastEiNS_17__class_type_info10__sub_kindEPKS1_PKvS4_S6_RNS1_16__dyncast_resultE
                0x0800880c       0x84 /usr/local/arm-gnu-toolchain-12.3.rel1-x86_64-arm-none-eabi/bin/../lib/gcc/arm-none-eabi/12.3.1/../../../../arm-none-eabi/lib/thumb/v7-m/nofp/libstdc++.a(si_class_type_info.o)
                0x0800880c                __cxxabiv1::__si_class_type_info::__do_dyncast(int, __cxxabiv1::__class_type_info::__sub_kind, __cxxabiv1::__class_type_info const*, void const*, __cxxabiv1::__class_type_info const*, void const*, __cxxabiv1::__class_type_info::__dyncast_result&) const
 .text._ZNK10__cxxabiv120__si_class_type_info11__do_upcastEPKNS_17__class_type_infoEPKvRNS1_15__upcast_resultE
                0x08008890       0x2c /usr/local/arm-gnu-toolchain-12.3.rel1-x86_64-arm-none-eabi/bin/../lib/gcc/arm-none-eabi/12.3.1/../../../../arm-none-eabi/lib/thumb/v7-m/nofp/libstdc++.a(si_class_type_info.o)
                0x08008890                __cxxabiv1::__si_class_type_info::__do_upcast(__cxxabiv1::__class_type_info const*, void const*, __cxxabiv1::__class_type_info::__upcast_result&) const
 .text._ZNSt9type_infoD2Ev
                0x080088bc        0x4 /usr/local/arm-gnu-toolchain-12.3.rel1-x86_64-arm-none-eabi/bin/../lib/gcc/arm-none-eabi/12.3.1/../../../../arm-none-eabi/lib/thumb/v7-m/nofp/libstdc++.a(tinfo.o)
                0x080088bc                std::type_info::~type_info()
                0x080088bc                std::type_info::~type_info()
 .text._ZNKSt9type_info14__is_pointer_pEv
                0x080088c0        0x4 /usr/local/arm-gnu-toolchain-12.3.rel1-x86_64-arm-none-eabi/bin/../lib/gcc/arm-none-eabi/12.3.1/../../../../arm-none-eabi/lib/thumb/v7-m/nofp/libstdc++.a(tinfo.o)
                0x080088c0                std::type_info::__is_function_p() const
                0x080088c0                std::type_info::__is_pointer_p() const
 .text._ZNKSt9type_infoeqERKS_
                0x080088c4       0x2c /usr/local/arm-gnu-toolchain-12.3.rel1-x86_64-arm-none-eabi/bin/../lib/gcc/arm-none-eabi/12.3.1/../../../../arm-none-eabi/lib/thumb/v7-m/nofp/libstdc++.a(tinfo.o)
                0x080088c4                std::type_info::__equal(std::type_info const&) const
                0x080088c4                std::type_info::operator==(std::type_info const&) const
 .text._ZdlPv   0x080088f0        0x4 /usr/local/arm-gnu-toolchain-12.3.rel1-x86_64-arm-none-eabi/bin/../lib/gcc/arm-none-eabi/12.3.1/../../../../arm-none-eabi/lib/thumb/v7-m/nofp/libstdc++.a(del_op.o)
                0x080088f0                operator delete(void*)
 .text.sqrtf    0x080088f4       0x3c /usr/local/arm-gnu-toolchain-12.3.rel1-x86_64-arm-none-eabi/bin/../lib/gcc/arm-none-eabi/12.3.1/../../../../arm-none-eabi/lib/thumb/v7-m/nofp/libm.a(libm_a-wf_sqrt.o)
                0x080088f4                sqrtf
 .text.__ieee754_sqrtf
                0x08008930       0xf0 /usr/local/arm-gnu-toolchain-12.3.rel1-x86_64-arm-none-eabi/bin/../lib/gcc/arm-none-eabi/12.3.1/../../../../arm-none-eabi/lib/thumb/v7-m/nofp/libm.a(libm_a-ef_sqrt.o)
                0x08008930                __ieee754_sqrtf
 .text.log      0x08008a20       0x68 /usr/local/arm-gnu-toolchain-12.3.rel1-x86_64-arm-none-eabi/bin/../lib/gcc/arm-none-eabi/12.3.1/../../../../arm-none-eabi/lib/thumb/v7-m/nofp/libm.a(libm_a-w_log.o)
                0x08008a20                log
 .text.nan      0x08008a88        0xc /usr/local/arm-gnu-toolchain-12.3.rel1-x86_64-arm-none-eabi/bin/../lib/gcc/arm-none-eabi/12.3.1/../../../../arm-none-eabi/lib/thumb/v7-m/nofp/libm.a(libm_a-s_nan.o)
                0x08008a88                nan
 *fill*         0x08008a94        0x4 
 .text.__ieee754_log
                0x08008a98      0x3b4 /usr/local/arm-gnu-toolchain-12.3.rel1-x86_64-arm-none-eabi/bin/../lib/gcc/arm-none-eabi/12.3.1/../../../../arm-none-eabi/lib/thumb/v7-m/nofp/libm.a(libm_a-e_log.o)
                0x08008a98                __ieee754_log
 .text.selfrel_offset31
                0x08008e4c       0x14 /usr/local/arm-gnu-toolchain-12.3.rel1-x86_64-arm-none-eabi/bin/../lib/gcc/arm-none-eabi/12.3.1/thumb/v7-m/nofp/libgcc.a(unwind-arm.o)
 .text.search_EIT_table
                0x08008e60       0x64 /usr/local/arm-gnu-toolchain-12.3.rel1-x86_64-arm-none-eabi/bin/../lib/gcc/arm-none-eabi/12.3.1/thumb/v7-m/nofp/libgcc.a(unwind-arm.o)
 .text.__gnu_unwind_get_pr_addr
                0x08008ec4       0x28 /usr/local/arm-gnu-toolchain-12.3.rel1-x86_64-arm-none-eabi/bin/../lib/gcc/arm-none-eabi/12.3.1/thumb/v7-m/nofp/libgcc.a(unwind-arm.o)
 .text.get_eit_entry
                0x08008eec       0x94 /usr/local/arm-gnu-toolchain-12.3.rel1-x86_64-arm-none-eabi/bin/../lib/gcc/arm-none-eabi/12.3.1/thumb/v7-m/nofp/libgcc.a(unwind-arm.o)
 .text.restore_non_core_regs
                0x08008f80       0x58 /usr/local/arm-gnu-toolchain-12.3.rel1-x86_64-arm-none-eabi/bin/../lib/gcc/arm-none-eabi/12.3.1/thumb/v7-m/nofp/libgcc.a(unwind-arm.o)
 .text._Unwind_decode_typeinfo_ptr.constprop.0
                0x08008fd8        0xc /usr/local/arm-gnu-toolchain-12.3.rel1-x86_64-arm-none-eabi/bin/../lib/gcc/arm-none-eabi/12.3.1/thumb/v7-m/nofp/libgcc.a(unwind-arm.o)
 .text._Unwind_DebugHook
                0x08008fe4        0x4 /usr/local/arm-gnu-toolchain-12.3.rel1-x86_64-arm-none-eabi/bin/../lib/gcc/arm-none-eabi/12.3.1/thumb/v7-m/nofp/libgcc.a(unwind-arm.o)
 .text.unwind_phase2
                0x08008fe8       0x3c /usr/local/arm-gnu-toolchain-12.3.rel1-x86_64-arm-none-eabi/bin/../lib/gcc/arm-none-eabi/12.3.1/thumb/v7-m/nofp/libgcc.a(unwind-arm.o)
 .text.unwind_phase2_forced
                0x08009024       0xe0 /usr/local/arm-gnu-toolchain-12.3.rel1-x86_64-arm-none-eabi/bin/../lib/gcc/arm-none-eabi/12.3.1/thumb/v7-m/nofp/libgcc.a(unwind-arm.o)
 .text.__gnu_Unwind_RaiseException
                0x08009104       0x68 /usr/local/arm-gnu-toolchain-12.3.rel1-x86_64-arm-none-eabi/bin/../lib/gcc/arm-none-eabi/12.3.1/thumb/v7-m/nofp/libgcc.a(unwind-arm.o)
                0x08009104                __gnu_Unwind_RaiseException
 .text.__gnu_Unwind_ForcedUnwind
                0x0800916c       0x18 /usr/local/arm-gnu-toolchain-12.3.rel1-x86_64-arm-none-eabi/bin/../lib/gcc/arm-none-eabi/12.3.1/thumb/v7-m/nofp/libgcc.a(unwind-arm.o)
                0x0800916c                __gnu_Unwind_ForcedUnwind
 .text.__gnu_Unwind_Resume
                0x08009184       0x40 /usr/local/arm-gnu-toolchain-12.3.rel1-x86_64-arm-none-eabi/bin/../lib/gcc/arm-none-eabi/12.3.1/thumb/v7-m/nofp/libgcc.a(unwind-arm.o)
                0x08009184                __gnu_Unwind_Resume
 .text.__gnu_Unwind_Resume_or_Rethrow
                0x080091c4       0x18 /usr/local/arm-gnu-toolchain-12.3.rel1-x86_64-arm-none-eabi/bin/../lib/gcc/arm-none-eabi/12.3.1/thumb/v7-m/nofp/libgcc.a(unwind-arm.o)
                0x080091c4                __gnu_Unwind_Resume_or_Rethrow
 .text._Unwind_VRS_Get
                0x080091dc       0x30 /usr/local/arm-gnu-toolchain-12.3.rel1-x86_64-arm-none-eabi/bin/../lib/gcc/arm-none-eabi/12.3.1/thumb/v7-m/nofp/libgcc.a(unwind-arm.o)
                0x080091dc                _Unwind_VRS_Get
 .text._Unwind_GetGR
                0x0800920c       0x1c /usr/local/arm-gnu-toolchain-12.3.rel1-x86_64-arm-none-eabi/bin/../lib/gcc/arm-none-eabi/12.3.1/thumb/v7-m/nofp/libgcc.a(unwind-arm.o)
 .text._Unwind_VRS_Set
                0x08009228       0x30 /usr/local/arm-gnu-toolchain-12.3.rel1-x86_64-arm-none-eabi/bin/../lib/gcc/arm-none-eabi/12.3.1/thumb/v7-m/nofp/libgcc.a(unwind-arm.o)
                0x08009228                _Unwind_VRS_Set
 .text._Unwind_SetGR
                0x08009258       0x18 /usr/local/arm-gnu-toolchain-12.3.rel1-x86_64-arm-none-eabi/bin/../lib/gcc/arm-none-eabi/12.3.1/thumb/v7-m/nofp/libgcc.a(unwind-arm.o)
 .text.__gnu_Unwind_Backtrace
                0x08009270       0x80 /usr/local/arm-gnu-toolchain-12.3.rel1-x86_64-arm-none-eabi/bin/../lib/gcc/arm-none-eabi/12.3.1/thumb/v7-m/nofp/libgcc.a(unwind-arm.o)
                0x08009270                __gnu_Unwind_Backtrace
 .text.__gnu_unwind_pr_common
                0x080092f0      0x298 /usr/local/arm-gnu-toolchain-12.3.rel1-x86_64-arm-none-eabi/bin/../lib/gcc/arm-none-eabi/12.3.1/thumb/v7-m/nofp/libgcc.a(unwind-arm.o)
 .text.__aeabi_unwind_cpp_pr0
                0x08009588        0x8 /usr/local/arm-gnu-toolchain-12.3.rel1-x86_64-arm-none-eabi/bin/../lib/gcc/arm-none-eabi/12.3.1/thumb/v7-m/nofp/libgcc.a(unwind-arm.o)
                0x08009588                __aeabi_unwind_cpp_pr0
 .text.__aeabi_unwind_cpp_pr1
                0x08009590        0x8 /usr/local/arm-gnu-toolchain-12.3.rel1-x86_64-arm-none-eabi/bin/../lib/gcc/arm-none-eabi/12.3.1/thumb/v7-m/nofp/libgcc.a(unwind-arm.o)
                0x08009590                __aeabi_unwind_cpp_pr1
 .text.__aeabi_unwind_cpp_pr2
                0x08009598        0x8 /usr/local/arm-gnu-toolchain-12.3.rel1-x86_64-arm-none-eabi/bin/../lib/gcc/arm-none-eabi/12.3.1/thumb/v7-m/nofp/libgcc.a(unwind-arm.o)
                0x08009598                __aeabi_unwind_cpp_pr2
 .text._Unwind_VRS_Pop